Archive member included to satisfy reference by file (symbol)

include_lib/liba/br25/cpu.a(crc16.o)
                              obj\Release\cpu\br25\setup.o (symbol from plugin) (__crc16_mutex_init)
include_lib/liba/br25/cpu.a(uart.o)
                              obj\Release\apps\common\fm\fm_manage.o (symbol from plugin) (delay)
include_lib/liba/br25/cpu.a(clock.o)
                              obj\Release\cpu\br25\setup.o (symbol from plugin) (clock_dump)
include_lib/liba/br25/cpu.a(gpio.o)
                              obj\Release\apps\soundbox\board\br25\board_ac696x_demo.o (symbol from plugin) (usb_iomode)
include_lib/liba/br25/cpu.a(timer.o)
                              obj\Release\cpu\br25\audio_common\app_audio.o (symbol from plugin) (delay_2ms)
include_lib/liba/br25/cpu.a(sd.o)
                              obj\Release\apps\soundbox\board\br25\board_ac696x_demo.o (symbol from plugin) (sdmmc_0_port_init)
include_lib/liba/br25/cpu.a(debug.o)
                              obj\Release\cpu\br25\setup.o (symbol from plugin) (debug_init)
include_lib/liba/br25/cpu.a(wdt.o)
                              obj\Release\cpu\br25\setup.o (symbol from plugin) (wdt_close)
include_lib/liba/br25/cpu.a(efuse.o)
                              obj\Release\cpu\br25\charge.o (symbol from plugin) (get_vbat_trim)
include_lib/liba/br25/cpu.a(vm.o)
                              obj\Release\cpu\br25\ui_driver\led7\led7_driver.o (symbol from plugin) (get_vm_statu)
include_lib/liba/br25/cpu.a(p33.o)
                              obj\Release\apps\soundbox\board\br25\board_ac696x_demo.o (symbol from plugin) (sdpg_config)
include_lib/liba/br25/cpu.a(power_hw.o)
                              obj\Release\apps\soundbox\board\br25\board_ac696x_demo.o (symbol from plugin) (power_set_mode)
include_lib/liba/br25/cpu.a(power_wakeup.o)
                              power_hw.o (symbol from plugin) (__hw_wakeup_port_init)
include_lib/liba/br25/cpu.a(lrc_hw.o)
                              power_hw.o (symbol from plugin) (__get_lrc_osc_hz)
include_lib/liba/br25/cpu.a(fm_inside_api.o)
                              obj\Release\apps\common\fm\fm_inside\fm_inside.o (symbol from plugin) (fm_inside_mem_init)
include_lib/liba/br25/cpu.a(fm_init.o)
                              fm_inside_api.o (symbol from plugin) (fm_mem_init)
include_lib/liba/br25/cpu.a(fm_rf.o)
                              fm_init.o (symbol from plugin) (fm_rf_init)
include_lib/liba/br25/cpu.a(fm_digital_set.o)
                              fm_inside_api.o (symbol from plugin) (fm_set_mono)
include_lib/liba/br25/cpu.a(fm_scan.o)
                              fm_init.o (symbol from plugin) (fm_agc)
include_lib/liba/br25/cpu.a(fm_global_dat.o)
                              fm_digital_set.o (symbol from plugin) (cs_table_H75_NOISE_L75)
include_lib/liba/br25/cpu.a(module_sd1.o)
                              obj\Release\apps\soundbox\board\br25\board_ac696x_demo.o (symbol from plugin) (sd_dev_ops)
include_lib/liba/br25/cpu.a(sdmmc_init.o)
                              module_sd1.o (symbol from plugin) (sd1_init)
include_lib/liba/br25/cpu.a(sd_host_args.o)
                              sdmmc_init.o (symbol from plugin) (sd1_cmd_detect)
include_lib/liba/br25/cpu.a(sd_host_init.o)
                              sdmmc_init.o (symbol from plugin) (sd1_host_init)
include_lib/liba/br25/cpu.a(sd_host_mount.o)
                              sdmmc_init.o (symbol from plugin) (sd1_mount)
include_lib/liba/br25/cpu.a(sd_host_read_end.o)
                              module_sd1.o (symbol from plugin) (sd1_read_end)
include_lib/liba/br25/cpu.a(sd_host_unmount.o)
                              module_sd1.o (symbol from plugin) (sd1_unmount)
include_lib/liba/br25/cpu.a(sd_host_write_end.o)
                              module_sd1.o (symbol from plugin) (sd1_write_end)
include_lib/liba/br25/cpu.a(sd_init.o)
                              sd_host_mount.o (symbol from plugin) (sd1_init_card)
include_lib/liba/br25/cpu.a(suspend_sdmmc.o)
                              module_sd1.o (symbol from plugin) (sd1_suspend)
include_lib/liba/br25/cpu.a(mmc_host_send_rca.o)
                              sd_init.o (symbol from plugin) (mmc1_host_send_rca)
include_lib/liba/br25/cpu.a(sd_host_all_send_cid.o)
                              sd_init.o (symbol from plugin) (sd1_host_all_send_cid)
include_lib/liba/br25/cpu.a(sd_host_reset.o)
                              sd_init.o (symbol from plugin) (sd1_host_reset)
include_lib/liba/br25/cpu.a(sd_host_send_csd.o)
                              sd_init.o (symbol from plugin) (sd1_host_send_csd)
include_lib/liba/br25/cpu.a(sd_host_send_if_cond.o)
                              sd_init.o (symbol from plugin) (sd1_host_send_if_cond)
include_lib/liba/br25/cpu.a(sd_host_send_rca.o)
                              sd_init.o (symbol from plugin) (sd1_host_send_rca)
include_lib/liba/br25/cpu.a(sd_host_stop_trans.o)
[...]
Memory Configuration

Name             Origin             Length             Attributes
code0            0x01e00120         0x00100000         xr
ram0             0x00010000         0x00021ae0         xrw
*default*        0x00000000         0xffffffff

Linker script and memory map

LOAD obj\Release\apps\common\audio_digital_vol.o
LOAD cpu\br25\tools\sdk.elf.o
LOAD obj\Release\apps\common\ble\le_rcsp_adv_module.o
LOAD obj\Release\apps\common\ble\le_rcsp_demo.o
LOAD obj\Release\apps\common\ble\le_streamer_demo.o
LOAD obj\Release\apps\common\ble\le_trans_data.o
LOAD obj\Release\apps\common\charge\app_charge.o
LOAD obj\Release\apps\common\charge\app_chargestore.o
LOAD obj\Release\apps\common\debug_lite\debug_lite.o
LOAD obj\Release\apps\common\detection.o
LOAD obj\Release\apps\common\edr\spp_trans_data.o
LOAD obj\Release\apps\common\edr\spp_user.o
LOAD obj\Release\apps\common\encode\encode_write_file.o
LOAD obj\Release\apps\common\file_operate\file_api.o
LOAD obj\Release\apps\common\file_operate\file_bs_deal.o
LOAD obj\Release\apps\common\file_operate\file_operate.o
LOAD obj\Release\apps\common\fm\bk1080\Bk1080.o
LOAD obj\Release\apps\common\fm\fm_inside\fm_inside.o
LOAD obj\Release\apps\common\fm\fm_manage.o
LOAD obj\Release\apps\common\fm\qn8035\QN8035.o
LOAD obj\Release\apps\common\fm\rda5807\RDA5807.o
LOAD obj\Release\apps\common\fm_emitter\ac3433\ac3433.o
LOAD obj\Release\apps\common\fm_emitter\fm_emitter_manage.o
LOAD obj\Release\apps\common\fm_emitter\fm_inside\fm_emitter_inside.o
LOAD obj\Release\apps\common\fm_emitter\qn8007\qn8007.o
LOAD obj\Release\apps\common\fm_emitter\qn8027\qn8027.o
LOAD obj\Release\apps\common\gSensor\da230.o
LOAD obj\Release\apps\common\gSensor\gSensor_manage.o
LOAD obj\Release\apps\common\gSensor\SC7A20.o
LOAD obj\Release\apps\common\key\adkey.o
LOAD obj\Release\apps\common\key\adkey_rtcvdd.o
LOAD obj\Release\apps\common\key\ctmu_touch_key.o
LOAD obj\Release\apps\common\key\iokey.o
LOAD obj\Release\apps\common\key\irkey.o
LOAD obj\Release\apps\common\key\key_driver.o
LOAD obj\Release\apps\common\key\rdec_key.o
LOAD obj\Release\apps\common\key\slidekey.o
LOAD obj\Release\apps\common\key\touch_key.o
LOAD obj\Release\apps\common\music\music_decrypt.o
LOAD obj\Release\apps\common\music\music_id3.o
LOAD obj\Release\apps\common\norflash\norflash.o
LOAD obj\Release\apps\common\power_manage\app_power_manage.o
LOAD obj\Release\apps\common\sine_make.o
LOAD obj\Release\apps\common\storage_dev\dev_preprocessor.o
LOAD obj\Release\apps\common\storage_dev\storage_dev.o
LOAD obj\Release\apps\common\third_party_profile\common\3th_profile_api.o
LOAD obj\Release\apps\common\third_party_profile\common\custom_cfg.o
LOAD obj\Release\apps\common\third_party_profile\dma_deal\dma_deal.o
LOAD obj\Release\apps\common\third_party_profile\JL_rcsp\rcsp_bluetooth.o
LOAD obj\Release\apps\common\third_party_profile\JL_rcsp\rcsp_bs_api.o
LOAD obj\Release\apps\common\third_party_profile\JL_rcsp_adv\rcsp_adv_bluetooth.o
LOAD obj\Release\apps\common\third_party_profile\JL_rcsp_adv\rcsp_adv_setting\adv_bt_name_setting.o
LOAD obj\Release\apps\common\third_party_profile\JL_rcsp_adv\rcsp_adv_setting\adv_key_setting.o
LOAD obj\Release\apps\common\third_party_profile\JL_rcsp_adv\rcsp_adv_setting\adv_led_setting.o
LOAD obj\Release\apps\common\third_party_profile\JL_rcsp_adv\rcsp_adv_setting\adv_mic_setting.o
LOAD obj\Release\apps\common\third_party_profile\JL_rcsp_adv\rcsp_adv_setting\adv_time_stamp_setting.o
LOAD obj\Release\apps\common\third_party_profile\JL_rcsp_adv\rcsp_adv_setting\adv_work_setting.o
LOAD obj\Release\apps\common\third_party_profile\JL_rcsp_adv\rcsp_adv_setting\rcsp_adv_opt.o
LOAD obj\Release\apps\common\third_party_profile\JL_rcsp_adv\rcsp_adv_setting\rcsp_adv_tws_sync.o
LOAD obj\Release\apps\common\third_party_profile\JL_rcsp_adv\rcsp_adv_user_update.o
LOAD obj\Release\apps\common\third_party_profile\tm_gma_protocol\tm_frame_mg\tm_frame_mg.o
LOAD obj\Release\apps\common\third_party_profile\tm_gma_protocol\tm_gma\tm_gma.o
LOAD obj\Release\apps\common\third_party_profile\tm_gma_protocol\tm_gma_app\gma.o
LOAD obj\Release\apps\common\third_party_profile\tm_gma_protocol\tm_gma_deal\tm_gma_deal.o
LOAD obj\Release\apps\common\third_party_profile\tm_gma_protocol\tm_gma_hw_driver\tm_gma_hw_driver.o
LOAD obj\Release\apps\common\uartPcmSender.o
LOAD obj\Release\apps\common\ui\ui_api.o
LOAD obj\Release\apps\common\ui\ui_server.o
LOAD obj\Release\apps\common\update.o
LOAD obj\Release\apps\common\usb\device\descriptor.o
LOAD obj\Release\apps\common\usb\device\hid.o
LOAD obj\Release\apps\common\usb\device\msd.o
LOAD obj\Release\apps\common\usb\device\msd_upgrade.o
LOAD obj\Release\apps\common\usb\device\task_pc.o
LOAD obj\Release\apps\common\usb\device\uac1.o
LOAD obj\Release\apps\common\usb\device\uac_stream.o
LOAD obj\Release\apps\common\usb\device\usb_device.o
LOAD obj\Release\apps\common\usb\device\user_setup.o
LOAD obj\Release\apps\common\usb\host\usb_bulk_transfer.o
LOAD obj\Release\apps\common\usb\host\usb_ctrl_transfer.o
LOAD obj\Release\apps\common\usb\host\usb_host.o
LOAD obj\Release\apps\common\usb\host\usb_storage.o
LOAD obj\Release\apps\common\usb\usb_config.o
LOAD obj\Release\apps\common\usb\usb_host_config.o
LOAD obj\Release\apps\config\app_config.o
LOAD obj\Release\apps\config\bt_profile_config.o
LOAD obj\Release\apps\config\ci_transport_uart.o
LOAD obj\Release\apps\debug.o
LOAD obj\Release\apps\soundbox\aec\br25\audio_aec.o
LOAD obj\Release\apps\soundbox\app_action.o
LOAD obj\Release\apps\soundbox\app_api\app_debug_api.o
LOAD obj\Release\apps\soundbox\app_api\vm_api.o
LOAD obj\Release\apps\soundbox\app_main.o
LOAD obj\Release\apps\soundbox\board\br25\board_ac6969d_demo.o
LOAD obj\Release\apps\soundbox\board\br25\board_ac696x_demo.o
LOAD obj\Release\apps\soundbox\board\br25\board_ac696x_lighter.o
LOAD obj\Release\apps\soundbox\board\br25\board_ac696x_tws.o
LOAD obj\Release\apps\soundbox\board\br25\board_ac696x_tws_box.o
LOAD obj\Release\apps\soundbox\bt\bt.o
LOAD obj\Release\apps\soundbox\bt\bt_ble.o
LOAD obj\Release\apps\soundbox\bt\bt_decode.o
LOAD obj\Release\apps\soundbox\bt\bt_emitter.o
LOAD obj\Release\apps\soundbox\bt\bt_key.o
LOAD obj\Release\apps\soundbox\bt\bt_led7_ui.o
LOAD obj\Release\apps\soundbox\bt\bt_tws.o
LOAD obj\Release\apps\soundbox\bt\key\ac6952e_lighter_bt_key.o
LOAD obj\Release\apps\soundbox\bt\key\ac695x_charging_bin_bt_key.o
LOAD obj\Release\apps\soundbox\bt\key\ac695x_ui_charging_bt_key.o
LOAD obj\Release\apps\soundbox\bt\key\ac695x_ui_demo_bt_key.o
LOAD obj\Release\apps\soundbox\bt\key\ac6969d_demo_bt_key.o
LOAD obj\Release\apps\soundbox\bt\key\ac696x_demo_bt_key.o
LOAD obj\Release\apps\soundbox\bt\key\ac696x_lighter_bt_key.o
LOAD obj\Release\apps\soundbox\bt\key_event_deal.o
LOAD obj\Release\apps\soundbox\bt\media_sync.o
LOAD obj\Release\apps\soundbox\bt\vol_sync.o
LOAD obj\Release\apps\soundbox\charge_box\box.o
LOAD obj\Release\apps\soundbox\charge_box\box_key.o
LOAD obj\Release\apps\soundbox\charge_box\charge_box.o
LOAD obj\Release\apps\soundbox\charge_box\charge_box_ui.o
LOAD obj\Release\apps\soundbox\charge_box\charge_ctrl.o
LOAD obj\Release\apps\soundbox\charge_box\charge_det.o
LOAD obj\Release\apps\soundbox\charge_box\chargeIc_manage.o
LOAD obj\Release\apps\soundbox\charge_box\ic_self.o
LOAD obj\Release\apps\soundbox\charge_box\wireless.o
LOAD obj\Release\apps\soundbox\common\app_common.o
LOAD obj\Release\apps\soundbox\common\app_common_key.o
LOAD obj\Release\apps\soundbox\common\fm_emitter_led7_ui.o
LOAD obj\Release\apps\soundbox\common\key\ac6952e_lighter_app_common_key.o
LOAD obj\Release\apps\soundbox\common\key\ac695x_charging_bin_app_common_key.o
LOAD obj\Release\apps\soundbox\common\key\ac695x_ui_charging_app_common_key.o
LOAD obj\Release\apps\soundbox\common\key\ac695x_ui_demo_app_common_key.o
LOAD obj\Release\apps\soundbox\common\key\ac6969d_demo_app_common_key.o
LOAD obj\Release\apps\soundbox\common\key\ac696x_demo_app_common_key.o
LOAD obj\Release\apps\soundbox\common\key\ac696x_lighter_app_common_key.o
LOAD obj\Release\apps\soundbox\common\power_off.o
LOAD obj\Release\apps\soundbox\common\power_on.o
LOAD obj\Release\apps\soundbox\dev_manager.o
LOAD obj\Release\apps\soundbox\fm\fm.o
LOAD obj\Release\apps\soundbox\fm\fm_key.o
LOAD obj\Release\apps\soundbox\fm\fm_led7_ui.o
LOAD obj\Release\apps\soundbox\fm\fm_rw.o
LOAD obj\Release\apps\soundbox\fm\fm_server.o
LOAD obj\Release\apps\soundbox\fm\key\ac695x_ui_charging_fm_key.o
LOAD obj\Release\apps\soundbox\fm\key\ac6969d_demo_fm_key.o
LOAD obj\Release\apps\soundbox\fm\key\ac696x_demo_fm_key.o
LOAD obj\Release\apps\soundbox\fs_test.o
LOAD obj\Release\apps\soundbox\idle.o
LOAD obj\Release\apps\soundbox\linein\key\ac6969d_demo_linein_key.o
LOAD obj\Release\apps\soundbox\linein\key\ac696x_demo_linein_key.o
LOAD obj\Release\apps\soundbox\linein\key\ac696x_lighter_linein_key.o
LOAD obj\Release\apps\soundbox\linein\linein.o
LOAD obj\Release\apps\soundbox\linein\linein_dev.o
LOAD obj\Release\apps\soundbox\linein\linein_key.o
LOAD obj\Release\apps\soundbox\linein\linein_led7_ui.o
LOAD obj\Release\apps\soundbox\log_config\app_config.o
LOAD obj\Release\apps\soundbox\log_config\lib_btctrler_config.o
LOAD obj\Release\apps\soundbox\log_config\lib_driver_config.o
LOAD obj\Release\apps\soundbox\log_config\lib_system_config.o
LOAD obj\Release\apps\soundbox\log_config\lib_update_config.o
LOAD obj\Release\apps\soundbox\music\key\ac695x_ui_charging_music_key.o
LOAD obj\Release\apps\soundbox\music\key\ac695x_ui_demo_music_key.o
LOAD obj\Release\apps\soundbox\music\key\ac6969d_demo_music_key.o
LOAD obj\Release\apps\soundbox\music\key\ac696x_demo_music_key.o
LOAD obj\Release\apps\soundbox\music\key\ac696x_lighter_music_key.o
LOAD obj\Release\apps\soundbox\music\music.o
LOAD obj\Release\apps\soundbox\music\music_key.o
LOAD obj\Release\apps\soundbox\music\music_led7_ui.o
LOAD obj\Release\apps\soundbox\music\music_player.o
LOAD obj\Release\apps\soundbox\music\music_player_api.o
LOAD obj\Release\apps\soundbox\pc\key\ac6969d_demo_pc_key.o
LOAD obj\Release\apps\soundbox\pc\key\ac696x_demo_pc_key.o
LOAD obj\Release\apps\soundbox\pc\pc.o
LOAD obj\Release\apps\soundbox\pc\pc_key.o
LOAD obj\Release\apps\soundbox\pc\pc_led7_ui.o
LOAD obj\Release\apps\soundbox\pc\usb_audio.o
LOAD obj\Release\apps\soundbox\record\key\ac6969d_demo_record_key.o
LOAD obj\Release\apps\soundbox\record\key\ac696x_demo_record_key.o
LOAD obj\Release\apps\soundbox\record\key\ac696x_lighter_record_key.o
LOAD obj\Release\apps\soundbox\record\record.o
LOAD obj\Release\apps\soundbox\record\record_key.o
LOAD obj\Release\apps\soundbox\record\record_led7_ui.o
LOAD obj\Release\apps\soundbox\rtc\alarm.o
LOAD obj\Release\apps\soundbox\rtc\rtc.o
LOAD obj\Release\apps\soundbox\rtc\rtc_key.o
LOAD obj\Release\apps\soundbox\rtc\rtc_led7_ui.o
LOAD obj\Release\apps\soundbox\spdif\hdmi_cec_drv.o
LOAD obj\Release\apps\soundbox\spdif\key\ac6969d_demo_spdif_key.o
LOAD obj\Release\apps\soundbox\spdif\key\ac696x_demo_spdif_key.o
LOAD obj\Release\apps\soundbox\spdif\spdif.o
LOAD obj\Release\apps\soundbox\spdif\spdif_key.o
LOAD obj\Release\apps\soundbox\ui_manage.o
LOAD obj\Release\apps\soundbox\user_cfg.o
LOAD obj\Release\apps\soundbox\version.o
LOAD obj\Release\apps\user\user_dev_check.o
LOAD obj\Release\apps\user\user_fun.o
LOAD obj\Release\apps\user\user_pa.o
LOAD obj\Release\cpu\br25\adc_api.o
LOAD obj\Release\cpu\br25\audio_common\app_audio.o
LOAD obj\Release\cpu\br25\audio_common\audio_link.o
LOAD obj\Release\cpu\br25\audio_dec\audio_dec.o
LOAD obj\Release\cpu\br25\audio_dec\audio_dec_file.o
LOAD obj\Release\cpu\br25\audio_dec\audio_dec_fm.o
LOAD obj\Release\cpu\br25\audio_dec\audio_dec_linein.o
LOAD obj\Release\cpu\br25\audio_dec\audio_dec_local_tws.o
LOAD obj\Release\cpu\br25\audio_dec\audio_dec_pc.o
LOAD obj\Release\cpu\br25\audio_dec\audio_dec_spdif.o
LOAD obj\Release\cpu\br25\audio_dec\audio_sync.o
LOAD obj\Release\cpu\br25\audio_dec\audio_usb_mic.o
LOAD obj\Release\cpu\br25\audio_dec\tone_player.o
LOAD obj\Release\cpu\br25\audio_effect\audio_drc.o
LOAD obj\Release\cpu\br25\audio_effect\audio_eq.o
LOAD obj\Release\cpu\br25\audio_effect\audio_pitch.o
LOAD obj\Release\cpu\br25\audio_effect\audio_reverb.o
LOAD obj\Release\cpu\br25\audio_effect\eq_config.o
LOAD obj\Release\cpu\br25\audio_effect\loud_speaker.o
LOAD obj\Release\cpu\br25\audio_enc\audio_enc.o
LOAD obj\Release\cpu\br25\audio_enc\audio_enc_file.o
LOAD obj\Release\cpu\br25\audio_enc\audio_enc_recoder.o
LOAD obj\Release\cpu\br25\audio_enc\audio_enc_tws.o
LOAD obj\Release\cpu\br25\audio_enc\audio_opus_codec.o
LOAD obj\Release\cpu\br25\audio_enc\audio_sbc_codec.o
LOAD obj\Release\cpu\br25\charge.o
LOAD obj\Release\cpu\br25\chargestore.o
LOAD obj\Release\cpu\br25\clock_manager.o
LOAD obj\Release\cpu\br25\iic_eeprom_test.o
LOAD obj\Release\cpu\br25\iic_hw.o
LOAD obj\Release\cpu\br25\iic_slave_test.o
LOAD obj\Release\cpu\br25\iic_soft.o
LOAD obj\Release\cpu\br25\irflt.o
LOAD obj\Release\cpu\br25\mcpwm.o
LOAD obj\Release\cpu\br25\overlay_code.o
LOAD obj\Release\cpu\br25\plcnt.o
LOAD obj\Release\cpu\br25\port_wkup.o
LOAD obj\Release\cpu\br25\pwm_led.o
LOAD obj\Release\cpu\br25\setup.o
LOAD obj\Release\cpu\br25\spi.o
LOAD obj\Release\cpu\br25\spi_test.o
LOAD obj\Release\cpu\br25\uart_dev.o
LOAD obj\Release\cpu\br25\uart_test.o
LOAD obj\Release\cpu\br25\ui_driver\lcd_seg\lcd_seg3x9_driver.o
LOAD obj\Release\cpu\br25\ui_driver\led7\led7_driver.o
LOAD obj\Release\cpu\br25\ui_driver\LED_1888\LED1888.o
LOAD obj\Release\cpu\br25\ui_driver\ui_common.o
START GROUP
LOAD include_lib/liba/br25/cpu.a
LOAD include_lib/liba/br25/system.a
LOAD include_lib/liba/br25/btstack.a
LOAD include_lib/liba/br25/btctrler.a
LOAD include_lib/liba/br25/libepmotion.a
LOAD include_lib/liba/br25/wtg_dec_lib.a
LOAD include_lib/liba/br25/sbc_eng_lib.a
LOAD include_lib/liba/br25/mp3tsy_dec_lib.a
LOAD include_lib/liba/br25/flac_dec_lib.a
LOAD include_lib/liba/br25/ape_dec_lib.a
LOAD include_lib/liba/br25/m4a_dec_lib.a
LOAD include_lib/liba/br25/amr_dec_lib.a
LOAD include_lib/liba/br25/dts_dec_lib.a
LOAD include_lib/liba/br25/mp3_decstream_lib.a
LOAD include_lib/liba/br25/wma_decstream_lib.a
LOAD include_lib/liba/br25/crypto_toolbox_Osize.a
LOAD include_lib/liba/br25/libAptFilt_pi32v2_OnChip.a
LOAD include_lib/liba/br25/libEchoSuppress_pi32v2_OnChip.a
LOAD include_lib/liba/br25/libNoiseSuppress_pi32v2_OnChip.a
LOAD include_lib/liba/br25/libSplittingFilter_pi32v2_OnChip.a
LOAD include_lib/liba/br25/libDelayEstimate_pi32v2_OnChip.a
LOAD include_lib/liba/br25/compressor.a
LOAD include_lib/liba/br25/crossover_coff.a
LOAD include_lib/liba/br25/limiter.a
LOAD include_lib/liba/br25/lib_pitchshifter.a
LOAD include_lib/liba/br25/lib_reverb_cal.a
LOAD include_lib/liba/br25/lib_mp2_code.a
LOAD include_lib/liba/br25/lib_adpcm_code.a
LOAD include_lib/liba/br25/mp3_enc_lib.a
LOAD include_lib/liba/br25/opus_enc_lib.a
LOAD include_lib/liba/br25/lib_rmono2stereo.a
LOAD include_lib/liba/br25/limiter_noiseGate.a
LOAD include_lib/liba/br25/howling.a
LOAD include_lib/liba/br25/lib_resample_cal.a
LOAD include_lib/liba/br25/JL_rcsp.a
LOAD include_lib/liba/br25/mp3_dec_lib.a
LOAD include_lib/liba/br25/wma_dec_lib.a
LOAD include_lib/liba/br25/wav_dec_lib.a
LOAD include_lib/liba/br25/media.a
LOAD include_lib/liba/br25/libFFT_pi32v2_OnChip.a
LOAD include_lib/liba/br25/update.a
END GROUP
                0x00117d40                local_irq_enable = 0x117d40
                0x00117d44                local_irq_disable = 0x117d44
                0x00117d48                p33_buf = 0x117d48
                0x00117d4c                p33_xor_1byte = 0x117d4c
                0x00117d50                p33_and_1byte = 0x117d50
                0x00117d54                p33_or_1byte = 0x117d54
                0x00117d58                p33_tx_1byte = 0x117d58
                0x00117d5c                p33_rx_1byte = 0x117d5c
                0x00117d60                P33_CON_SET = 0x117d60
                0x00117d64                os_init = 0x117d64
                0x00117d68                os_start = 0x117d68
                0x00117d6c                os_get_curr_tcb_var = 0x117d6c
                0x00117d70                os_task_create = 0x117d70
                0x00117d74                os_current_task_rom = 0x117d74
                0x00117d78                os_time_dly = 0x117d78
                0x00117d7c                os_time_get = 0x117d7c
                0x00117d80                os_task_del_req = 0x117d80
                0x00117d84                os_task_del_res = 0x117d84
                0x00117d88                os_task_del = 0x117d88
                0x00117d8c                __os_taskq_pend = 0x117d8c
                0x00117d90                os_taskq_pend = 0x117d90
                0x00117d94                os_task_pend = 0x117d94
                0x00117d98                __os_taskq_post_rom = 0x117d98
                0x00117da4                os_taskq_flush_rom = 0x117da4
                0x00117db4                os_taskq_accept = 0x117db4
                0x00117db8                os_taskq_del_rom = 0x117db8
                0x00117dbc                os_taskq_del_type = 0x117dbc
                0x00117dc0                os_sem_create = 0x117dc0
                0x00117dc4                os_sem_del = 0x117dc4
                0x00117dc8                os_sem_pend = 0x117dc8
                0x00117dcc                os_sem_post = 0x117dcc
                0x00117dd0                os_sem_set = 0x117dd0
                0x00117dd4                os_sem_valid = 0x117dd4
                0x00117dd8                os_sem_query = 0x117dd8
                0x00117ddc                os_mutex_create = 0x117ddc
                0x00117de0                os_mutex_del = 0x117de0
                0x00117de4                os_mutex_pend = 0x117de4
                0x00117de8                os_mutex_post = 0x117de8
                0x00117dec                os_mutex_valid = 0x117dec
                0x00117df0                xTaskCreate = 0x117df0
                0x00117df4                xTaskGetCurrentTaskHandle = 0x117df4
                0x00117df8                xTaskGetTickCount = 0x117df8
                0x00117dfc                xTaskGetHandle = 0x117dfc
                0x00117e00                vTaskDelete = 0x117e00
                0x00117e04                xTaskGetApplicationTaskTag = 0x117e04
                0x00117e08                vTaskSetApplicationTaskTag = 0x117e08
                0x00117e0c                xQueueGenericCreateStatic = 0x117e0c
                0x00117e10                xQueueGenericReset = 0x117e10
                0x00117e14                xQueueGenericSend = 0x117e14
                0x00117e18                xQueueGenericSendFromISR = 0x117e18
                0x00117e1c                xQueueGenericReceive = 0x117e1c
                0x00117e20                xQueueReceiveFromISR = 0x117e20
                0x00117e24                vQueueDelete = 0x117e24
                0x00117e28                uxQueueMessagesWaiting = 0x117e28
                0x00117e2c                uxQueueMessagesWaitingFromISR = 0x117e2c
                0x00117e30                uxQueueSpacesAvailable = 0x117e30
                0x00117e34                pcTaskGetName = 0x117e34
                0x00117e38                prvGetExpectedIdleTime = 0x117e38
                0x00117e3c                eTaskConfirmSleepModeStatus = 0x117e3c
                0x00117e40                vTaskStepTick = 0x117e40
                0x00117e44                pxPortInitialiseStack = 0x117e44
                0x00117e48                xPortStartScheduler = 0x117e48
                0x00117e4c                vPortEndScheduler = 0x117e4c
                0x00117e50                vPortYield = 0x117e50
                0x00117e54                vPortExitCritical = 0x117e54
                0x00117e58                OS_ClrPending = 0x117e58
                0x00117e5c                vTickISR = 0x117e5c
                0x00117e60                pmalloc_init = 0x117e60
                0x00117e64                pmalloc = 0x117e64
                0x00117e68                pfree = 0x117e68
                0x00117e6c                pmalloc_get_unused_pages = 0x117e6c
                0x00117e70                get_physic_address = 0x117e70
                0x00117e74                pmm_get_var = 0x117e74
                0x00117e78                vmm_init_ = 0x117e78
                0x00117e7c                vmalloc_ = 0x117e7c
                0x00117e80                vfree_ = 0x117e80
                0x00117e84                vmem_get_phy_adr = 0x117e84
                0x00117e88                vmem_start = 0x117e88
                0x00117e8c                vmem_end = 0x117e8c
                0x00117e90                vmm_get_var = 0x117e90
                0x00117e94                vmalloc_v2 = 0x117e94
                0x00117e98                vfree_v2 = 0x117e98
                0x00117e9c                vcopy_ = 0x117e9c
                0x00117ea0                get_cvsd_codec_ops = 0x117ea0
                0x00117ea4                VecPlus_fix_r_r_r = 0x117ea4
                0x00117ea8                VecMinus_fix_r_r_r = 0x117ea8
                0x00117eac                VecDiv_fix_r_r_r = 0x117eac
                0x00117eb0                VecEleMul_fix_r_r_r = 0x117eb0
                0x00117eb4                VecEleMul_fix_c_r_c = 0x117eb4
                0x00117eb8                VecMagAndDiv_fix = 0x117eb8
                0x00117ebc                VecCopy_fix_r_r = 0x117ebc
                0x00117ec0                VecConjEleMulAndDiv_fix = 0x117ec0
                0x00117ec4                VecRecurAvg_fix = 0x117ec4
                0x00117ec8                VecConjRecurAvg_fix = 0x117ec8
                0x00117ecc                VecMagRecurAvg_fix = 0x117ecc
                0x00117ed0                VecPlusMulScalar_fix = 0x117ed0
                0x00117ed4                VecGetMag_fix = 0x117ed4
                0x00117ed8                VecMax_fix_v_s = 0x117ed8
                0x00117edc                VecMin_fix_v_s = 0x117edc
                0x00117ee0                VecOppos_fix = 0x117ee0
                0x00117ee4                VecMean_fix = 0x117ee4
                0x00117ee8                VecMeanSq_fix_c = 0x117ee8
                0x00117eec                VecRequanByMax_fix_r = 0x117eec
                0x00117ef0                VecRequanByMax_fix_c = 0x117ef0
                0x00117ef4                VecEleShift_fix_c = 0x117ef4
                0x00117ef8                VecOvShift_fix = 0x117ef8
                0x00117efc                VecCopy_fix_r_c = 0x117efc
                0x00117f00                VecMeanSq_fix_r = 0x117f00
                0x00117f04                VecEleShift_fix_r = 0x117f04
                0x00117f08                logAprx_fix = 0x117f08
                0x00117f0c                expAprx_fix = 0x117f0c
                0x00117f10                sqrtAprx_fix = 0x117f10
                0x00117f14                VecEleMul_s16_s16_s32 = 0x117f14
                0x00117f18                VecEleMul_s16_s32_s16 = 0x117f18
                0x00117f1c                VecEleMul_s32_s16_s32 = 0x117f1c
                0x00117f20                VecOvShift_s16_s16 = 0x117f20
                0x00117f24                VecOvShift_s16_s32 = 0x117f24
                0x00117f28                VecCopy_s16_s32 = 0x117f28
                0x00117f2c                VecCopy_s32_s16 = 0x117f2c
                0x00117f30                VecMinus_s16_s32_s32 = 0x117f30
                0x00117f34                VecMeanSq_s16_s32 = 0x117f34
                0x00117f38                CircVecArrEwMulAndSum_fix = 0x117f38
                0x00117f3c                B_fir_cal_s = 0x117f3c
                0x00117f40                B_array_vol = 0x117f40
                0x00117f44                B_Syn_filt = 0x117f44
                0x00117f48                B_Residu = 0x117f48
                0x00117f4c                B_comput_correlataionS = 0x117f4c
                0x00117f50                B_iircal = 0x117f50
                0x00117f54                repair_corefun_corr = 0x117f54
                0x00117f58                repair_corefun_mixdata = 0x117f58
                0x00117f5c                get_repair_api = 0x117f5c
                0x00117f60                firfft = 0x117f60
                0x00117f64                firifft = 0x117f64
                0x00117f68                _rfifft_wrap = 0x117f68
                0x00117f6c                _rififft_wrap = 0x117f6c
                0x00117f70                memmem = 0x117f70
                0x00117f74                memcpy = 0x117f74
                0x00117f78                memmove = 0x117f78
                0x00117f7c                memcmp = 0x117f7c
                0x00117f80                memset = 0x117f80
                0x00117f84                strcmp = 0x117f84
                0x00117f88                strcpy = 0x117f88
                0x00117f8c                strlen = 0x117f8c
                0x00117f90                strncmp = 0x117f90
                0x00117f94                strstr = 0x117f94
                0x00117f98                strchr = 0x117f98
                0x00117f9c                __fixdfsi = 0x117f9c
                0x00117fa0                __fixsfsi = 0x117fa0
                0x00117fa4                spi_get_port = 0x117fa4
                0x00117fa8                spi_set_port = 0x117fa8
                0x00117fac                sfc_suspend = 0x117fac
                0x00117fb0                sfc_resume = 0x117fb0
                0x00117fb4                sfc_drop_cache = 0x117fb4
                0x00117fb8                chip_crc16 = 0x117fb8
                0x00117fbc                CrcDecode = 0x117fbc
                0x00117fc0                mask_init = 0x117fc0
                0x00117fc4                wdt_clr = 0x117fc4
                0x00117fc8                nvram_set_boot_state = 0x117fc8
                0x00117fcc                chip_reset = 0x117fcc
                0x00117fd0                the_debug_isr = 0x117fd0
                0x00117fd4                flash_poweron = 0x117fd4
                0x00117fdc                print = 0x117fdc
                0x00117fe0                sprintf = 0x117fe0
                0x00117fe8                puts = 0x117fe8
                0x00117fec                doe = 0x117fec
                0x00117ff0                LZ4_setStreamDecode = 0x117ff0
                0x00117ff4                LZ4_decompress_safe_continue = 0x117ff4
                0x00117ff8                LZ4_decompress_generic = 0x117ff8
                0x00117ffc                LZ4_decompress_safe_usingDict = 0x117ffc
                0x00110f60                bsinc_tab_6 = 0x110f60
                0x001111a4                bsinc_tab_6_l = 0x1111a4
                0x00110c60                ans_win = 0x110c60
                0x00110d60                nlp_win = 0x110d60
                0x00115f48                iCos_Tab = 0x115f48
                0x00110060                WOLA_ANA_128 = 0x110060
                0x00110460                WOLA_ANA_64 = 0x110460
                0x00110660                WOLA_SYN_128 = 0x110660
                0x00110a60                WOLA_SYN_64 = 0x110a60
                0x00031f00                _IRQ_MEM_ADDR = 0x31f00
                0x00031b60                _MASK_MEM_BEGIN = 0x31b60
                0x00000318                _MASK_MEM_SIZE = 0x318
                0x00000080                UPDATA_SIZE = 0x80
                0x00031ae0                UPDATA_BEG = (_MASK_MEM_BEGIN - UPDATA_SIZE)
                0x000f9000                UPDATA_BREDR_BASE_BEG = 0xf9000
                0x00010000                RAM_LIMIT_L = 0x10000
                0x00031ae0                RAM_LIMIT_H = UPDATA_BEG
                0x00021ae0                PHY_RAM_SIZE = (RAM_LIMIT_H - RAM_LIMIT_L)
                0x00031f00                ISR_BASE = _IRQ_MEM_ADDR
                0x00000318                ROM_RAM_SIZE = _MASK_MEM_SIZE
                0x00031b60                ROM_RAM_BEG = _MASK_MEM_BEGIN
                0x00010000                RAM_BEGIN = RAM_LIMIT_L
                0x00031ae0                RAM_END = RAM_LIMIT_H
                0x00021ae0                RAM_SIZE = (RAM_END - RAM_BEGIN)
                0x00000014                EQ_SECTION_NUM = 0x14
                0x01e00120                . = ORIGIN (code0)

.text           0x01e00120    0x6b4a0
                0x01e00120                PROVIDE (flash_code_begin, .)
 *startup.o(.text)
 .text          0x01e00120       0x7e include_lib/liba/br25/cpu.a(startup.o)
                0x01e00120                _start
 *(.text*)
 .text          0x01e0019e    0x140ee cpu\br25\tools\sdk.elf.o
                0x01e01b18                update_result_get
                0x01e0ec2e                app_bank_init
 .text._ZN21ActiveNoiseSuppressorI9floatReal12floatComplexE15QueryBufferSizeEi
                0x01e1428c       0x14 cpu\br25\tools\sdk.elf.o
 .text._ZN3FFTI9floatReal12floatComplexEC2Eii
                0x01e142a0       0x2c cpu\br25\tools\sdk.elf.o
 .text._Z15VectorMulScalarRK6VectorI9floatRealERK6ScalarIS0_ERS1_
                0x01e142cc       0x2a cpu\br25\tools\sdk.elf.o
 .text._ZNK6MatrixI12floatComplexEclEiiii
                0x01e142f6       0x3a cpu\br25\tools\sdk.elf.o
 .text._ZNK6VectorI9floatRealEclEiii
                0x01e14330       0x32 cpu\br25\tools\sdk.elf.o
 .text._ZNK6VectorI12floatComplexEclEiii
                0x01e14362       0x32 cpu\br25\tools\sdk.elf.o
 .text._Z10VectorCopyRK6VectorI9floatRealERS_I11fixHalfRealE
                0x01e14394       0x2a cpu\br25\tools\sdk.elf.o
 .text._ZN12STFTAnalyserI9floatReal12floatComplex11fixHalfRealEC2EPS0_iiRK6VectorIS2_ER3FFTIS0_S1_E
                0x01e143be       0x4e cpu\br25\tools\sdk.elf.o
 .text._Z10VectorCopyRK6VectorI9floatRealERS1_
                0x01e1440c       0x24 cpu\br25\tools\sdk.elf.o
 .text._ZN15STFTSynthesizerI9floatReal12floatComplex11fixHalfRealEC2EPS0_iiRK6VectorIS2_ER3FFTIS0_S1_E
                0x01e14430       0x4e cpu\br25\tools\sdk.elf.o
 .text._Z9VectorSetRK6ScalarI9floatRealER6VectorIS0_E
                0x01e1447e       0x16 cpu\br25\tools\sdk.elf.o
 .text._Z16VectorMeanSquareRK6VectorI11fixHalfRealER6ScalarI9floatRealE
                0x01e14494       0x38 cpu\br25\tools\sdk.elf.o
 .text._ZN13dynamicVectorI12floatComplex9floatRealEC2ER9AllocatorIS1_Eii
                0x01e144cc       0x2c cpu\br25\tools\sdk.elf.o
 .text._Z18MatrixAccessColumnRK6MatrixI12floatComplexER6VectorIS0_Ei
                0x01e144f8       0x20 cpu\br25\tools\sdk.elf.o
 .text._Z10MatrixCopyRK6MatrixI12floatComplexERS1_
                0x01e14518       0x4c cpu\br25\tools\sdk.elf.o
 .text._Z18VectorOverlapShiftRK6VectorI11fixHalfRealERS_I9floatRealEi
                0x01e14564       0x60 cpu\br25\tools\sdk.elf.o
 .text._Z23MatrixEwMulAndSumOneDimRK6MatrixI12floatComplexES3_R6VectorIS0_Ei
                0x01e145c4       0x88 cpu\br25\tools\sdk.elf.o
 .text._Z11VectorMinusRK6VectorI11fixHalfRealERKS_I9floatRealERS5_
                0x01e1464c       0x3e cpu\br25\tools\sdk.elf.o
 .text._Z16VectorMeanSquareRK6VectorI9floatRealER6ScalarIS0_E
                0x01e1468a       0x32 cpu\br25\tools\sdk.elf.o
 .text._Z7logAprxI9floatRealEvRK6ScalarIT_ERS3_
                0x01e146bc       0x34 cpu\br25\tools\sdk.elf.o
 .text._Z9log10AprxI9floatRealEvRK6ScalarIT_ERS3_
                0x01e146f0       0x1a cpu\br25\tools\sdk.elf.o
 .text._Z6mag2dbI9floatRealEvRK6ScalarIT_ERS3_
                0x01e1470a       0x1a cpu\br25\tools\sdk.elf.o
 .text._Z25VectorMagRecursiveAverageRK6VectorI12floatComplexERS_I9floatRealERK6ScalarIS4_E
                0x01e14724       0x3c cpu\br25\tools\sdk.elf.o
 .text._Z15VectorMulScalarRK6VectorI12floatComplexERK6ScalarI9floatRealERS1_
                0x01e14760       0x2e cpu\br25\tools\sdk.elf.o
 .text._Z24VectorConjElementwiseMulRK6VectorI12floatComplexES3_RS1_
                0x01e1478e       0x44 cpu\br25\tools\sdk.elf.o
 .text._Z10VectorPlusRK6VectorI9floatRealES3_RS1_
                0x01e147d2       0x38 cpu\br25\tools\sdk.elf.o
 .text._Z12VectorDivideRK6VectorI12floatComplexERKS_I9floatRealERS1_RK6ScalarIS4_E
                0x01e1480a       0x3e cpu\br25\tools\sdk.elf.o
 .text._Z10VectorPlusRK6VectorI12floatComplexES3_RS1_
                0x01e14848       0x40 cpu\br25\tools\sdk.elf.o
 .text._ZN13dynamicVectorI12floatComplex9floatRealED2Ev
                0x01e14888       0x1c cpu\br25\tools\sdk.elf.o
 .text._ZN11VectorArrayI11fixHalfRealEC2ERK6VectorIS0_Ei
                0x01e148a4       0x2e cpu\br25\tools\sdk.elf.o
 .text._Z18VectorOverlapShiftRK6VectorI11fixHalfRealERS1_i
                0x01e148d2        0x4 cpu\br25\tools\sdk.elf.o
 .text._Z20VectorElementwiseMulRK6VectorI11fixHalfRealES3_RS_I9floatRealE
                0x01e148d6       0x64 cpu\br25\tools\sdk.elf.o
 .text._ZN11VectorArrayI12floatComplexEppEi
                0x01e1493a        0xa cpu\br25\tools\sdk.elf.o
 .text._ZN12STFTAnalyserI9floatReal12floatComplex11fixHalfRealE7AnalyseERK6VectorIS2_ER11VectorArrayIS1_EP9AllocatorIS0_E
                0x01e14944       0x98 cpu\br25\tools\sdk.elf.o
 .text._Z22VectorRecursiveAverageRK6VectorI9floatRealERS1_RK6ScalarIS0_E
                0x01e149dc       0x38 cpu\br25\tools\sdk.elf.o
 .text._Z9VectorMinRK6VectorI9floatRealES3_RS1_
                0x01e14a14       0x38 cpu\br25\tools\sdk.elf.o
 .text._Z12VectorDivideRK6VectorI9floatRealES3_RS1_RK6ScalarIS0_E
                0x01e14a4c       0x3e cpu\br25\tools\sdk.elf.o
 .text._Z15VectorCompareBTRK6VectorI9floatRealES3_RS_IiE
                0x01e14a8a       0x34 cpu\br25\tools\sdk.elf.o
 .text._Z21VectorConditionalCopyRK6VectorI9floatRealERKS_IiERS1_
                0x01e14abe       0x38 cpu\br25\tools\sdk.elf.o
 .text._Z16VectorPlusScalarRK6VectorI9floatRealERK6ScalarIS0_ERS1_
                0x01e14af6       0x2a cpu\br25\tools\sdk.elf.o
 .text._Z11VectorMinusRK6VectorI9floatRealES3_RS1_
                0x01e14b20       0x38 cpu\br25\tools\sdk.elf.o
 .text._Z20VectorElementwiseMulRK6VectorI9floatRealES3_RS1_
                0x01e14b58       0x30 cpu\br25\tools\sdk.elf.o
 .text._Z17VectorMinusScalarRK6VectorI9floatRealERK6ScalarIS0_ERS1_
                0x01e14b88       0x2a cpu\br25\tools\sdk.elf.o
 .text._Z9VectorMaxRK6ScalarI9floatRealER6VectorIS0_E
                0x01e14bb2       0x20 cpu\br25\tools\sdk.elf.o
 .text._Z10VectorMeanRK6VectorI9floatRealER6ScalarIS0_E
                0x01e14bd2       0x30 cpu\br25\tools\sdk.elf.o
 .text._Z14VectorOppositeRK6VectorI9floatRealERS1_
                0x01e14c02       0x28 cpu\br25\tools\sdk.elf.o
 .text._Z9VectorMinRK6ScalarI9floatRealER6VectorIS0_E
                0x01e14c2a       0x20 cpu\br25\tools\sdk.elf.o
 .text._Z20VectorElementwiseMulRK6VectorI12floatComplexERKS_I9floatRealERS1_
                0x01e14c4a       0x36 cpu\br25\tools\sdk.elf.o
 .text._Z20VectorElementwiseMulRK6VectorI9floatRealERKS_I12floatComplexERS5_
                0x01e14c80        0xa cpu\br25\tools\sdk.elf.o
 .text._Z20VectorElementwiseMulRK6VectorI9floatRealERKS_I11fixHalfRealERS1_
                0x01e14c8a       0x4c cpu\br25\tools\sdk.elf.o
 .text._ZN15STFTSynthesizerI9floatReal12floatComplex11fixHalfRealE10SynthesizeERK11VectorArrayIS1_ER6VectorIS2_EP9AllocatorIS0_E
                0x01e14cd6      0x10a cpu\br25\tools\sdk.elf.o
 .text._ZN13dynamicVectorI7fixRealS0_EC2ER9AllocatorIS0_Eii
                0x01e14de0       0x26 cpu\br25\tools\sdk.elf.o
 .text._Z10VectorCopyRK6VectorI11fixHalfRealERS_I7fixRealE
                0x01e14e06        0x4 cpu\br25\tools\sdk.elf.o
 .text._ZNK6VectorI7fixRealEclEiii
                0x01e14e0a       0x3c cpu\br25\tools\sdk.elf.o
 .text._Z22VectorElementwiseShiftRK6VectorI7fixRealERS1_i
                0x01e14e46        0x6 cpu\br25\tools\sdk.elf.o
 .text._Z10VectorPlusRK6VectorI7fixRealES3_RS1_
                0x01e14e4c        0x4 cpu\br25\tools\sdk.elf.o
 .text._Z11VectorMinusRK6VectorI7fixRealES3_RS1_
                0x01e14e50        0x4 cpu\br25\tools\sdk.elf.o
 .text._Z10VectorCopyRK6VectorI7fixRealERS_I11fixHalfRealE
                0x01e14e54        0x4 cpu\br25\tools\sdk.elf.o
 .text._ZN15StaticAllocatorI9floatRealE5allocEj
                0x01e14e58        0xc cpu\br25\tools\sdk.elf.o
 .text._Z29VectorConjMulRecursiveAverageRK6VectorI12floatComplexES3_RS1_RK6ScalarI9floatRealE
                0x01e14e64       0x54 cpu\br25\tools\sdk.elf.o
 .text._Z12VectorGetMagRK6VectorI12floatComplexERS_I9floatRealE
                0x01e14eb8       0x2c cpu\br25\tools\sdk.elf.o
 .text._Z15VectorMagAndDivRK6VectorI12floatComplexERKS_I9floatRealERK6ScalarIS4_ERS5_
                0x01e14ee4       0x40 cpu\br25\tools\sdk.elf.o
 .text._ZNK6VectorI9floatRealEclERK10Vectorzone
                0x01e14f24       0x36 cpu\br25\tools\sdk.elf.o
 .text._Z22VectorTernaryOperationRKPFvRK6ScalarI9floatRealES3_RS1_ERK6VectorIS0_ESC_RSA_
                0x01e14f5a       0x6c cpu\br25\tools\sdk.elf.o
 .text._ZNK6VectorI12floatComplexEclERK10Vectorzone
                0x01e14fc6       0x36 cpu\br25\tools\sdk.elf.o
 .text._Z16VectorMeanSquareRK6VectorI12floatComplexER6ScalarI9floatRealE
                0x01e14ffc       0x3e cpu\br25\tools\sdk.elf.o
 .text._Z20VectorElementwiseMulRK6VectorI11fixHalfRealERKS_I9floatRealERS1_
                0x01e1503a       0x40 cpu\br25\tools\sdk.elf.o
 .text._Z7expAprxI9floatRealEvRK6ScalarIT_ERS3_
                0x01e1507a       0x40 cpu\br25\tools\sdk.elf.o
 .text._ZN15StaticAllocatorI9floatRealE4freeEPS0_j
                0x01e150ba        0x8 cpu\br25\tools\sdk.elf.o
 .text._Z7powAprxI9floatRealEvRK6ScalarIT_ES5_RS3_
                0x01e150c2       0x3a cpu\br25\tools\sdk.elf.o
 .text._Z8magnAprxI12floatComplex9floatRealEvRK6ScalarIT_ERS2_IT0_E
                0x01e150fc       0x2e cpu\br25\tools\sdk.elf.o
 .text._ZN15StaticAllocatorI7fixRealE5allocEj
                0x01e1512a        0xc cpu\br25\tools\sdk.elf.o
 .text._ZN15StaticAllocatorI7fixRealE4freeEPS0_j
                0x01e15136        0x8 cpu\br25\tools\sdk.elf.o
 .text          0x01e1513e        0x0 include_lib/liba/br25/cpu.a(fm_dem.o)
 .text          0x01e1513e        0x0 include_lib/liba/br25/system.a(port_asm_mmu.o)
 .text          0x01e1513e        0x0 include_lib/liba/br25/crossover_coff.a(crossOver.o)
 .text          0x01e1513e        0x0 include_lib/liba/br25/crossover_coff.a(crossover_coff.o)
 .text          0x01e1513e        0x6 C:\JL\pi32\pi32v2-lib\r3\libc.a(lib_a-abs.o)
                0x01e1513e                abs
 .text          0x01e15144        0x0 C:\JL\pi32\pi32v2-lib\r3\libc.a(lib_a-ctype_.o)
 .text          0x01e15144       0x38 C:\JL\pi32\pi32v2-lib\r3\libc.a(lib_a-memcmp.o)
 .text          0x01e1517c       0xc2 C:\JL\pi32\pi32v2-lib\r3\libc.a(lib_a-memcpy.o)
 .text          0x01e1523e       0x28 C:\JL\pi32\pi32v2-lib\r3\libc.a(lib_a-memmem.o)
 .text          0x01e15266       0x2c C:\JL\pi32\pi32v2-lib\r3\libc.a(lib_a-memset.o)
 .text          0x01e15292       0x3e C:\JL\pi32\pi32v2-lib\r3\libc.a(lib_a-strcasecmp.o)
                0x01e15292                strcasecmp
 .text          0x01e152d0       0x18 C:\JL\pi32\pi32v2-lib\r3\libc.a(lib_a-strcat.o)
                0x01e152d0                strcat
 .text          0x01e152e8       0x14 C:\JL\pi32\pi32v2-lib\r3\libc.a(lib_a-strchr.o)
 .text          0x01e152fc       0xa0 C:\JL\pi32\pi32v2-lib\r3\libc.a(lib_a-strcmp.o)
 .text          0x01e1539c       0x6e C:\JL\pi32\pi32v2-lib\r3\libc.a(lib_a-strcpy.o)
 .text          0x01e1540a        0xc C:\JL\pi32\pi32v2-lib\r3\libc.a(lib_a-strlen.o)
 .text          0x01e15416       0x20 C:\JL\pi32\pi32v2-lib\r3\libc.a(lib_a-strncmp.o)
 .text          0x01e15436       0x24 C:\JL\pi32\pi32v2-lib\r3\libc.a(lib_a-strrchr.o)
                0x01e15436                strrchr
 .text          0x01e1545a       0x2a C:\JL\pi32\pi32v2-lib\r3\libc.a(lib_a-strstr.o)
 .text          0x01e15484      0x192 C:\JL\pi32\pi32v2-lib\r3\libcompiler-rt.a(addsf3.o)
                0x01e1549c                __addsf3
 .text          0x01e15616      0x18c C:\JL\pi32\pi32v2-lib\r3\libcompiler-rt.a(divsf3.o)
                0x01e1562e                __divsf3
 .text          0x01e157a2       0x4a C:\JL\pi32\pi32v2-lib\r3\libcompiler-rt.a(fixsfsi.o)
 .text          0x01e157ec       0x5a C:\JL\pi32\pi32v2-lib\r3\libcompiler-rt.a(floatsisf.o)
                0x01e157ec                __floatsisf
 .text          0x01e15846      0x156 C:\JL\pi32\pi32v2-lib\r3\libcompiler-rt.a(mulsf3.o)
                0x01e1585e                __mulsf3
 .text          0x01e1599c      0x314 C:\JL\pi32\pi32v2-lib\r3\libcompiler-rt.a(adddf3.o)
                0x01e159dc                __adddf3
 .text          0x01e15cb0      0x346 C:\JL\pi32\pi32v2-lib\r3\libcompiler-rt.a(divdf3.o)
                0x01e15ce6                __divdf3
 .text          0x01e15ff6       0x5a C:\JL\pi32\pi32v2-lib\r3\libcompiler-rt.a(divdi3.o)
                0x01e15ff6                __divdi3
 .text          0x01e16050       0x7a C:\JL\pi32\pi32v2-lib\r3\libcompiler-rt.a(extendsfdf2.o)
                0x01e16050                __extendsfdf2
 .text          0x01e160ca       0x54 C:\JL\pi32\pi32v2-lib\r3\libcompiler-rt.a(fixdfsi.o)
 .text          0x01e1611e       0x3c C:\JL\pi32\pi32v2-lib\r3\libcompiler-rt.a(fixunsdfsi.o)
                0x01e1611e                __fixunsdfsi
 .text          0x01e1615a       0x4c C:\JL\pi32\pi32v2-lib\r3\libcompiler-rt.a(floatsidf.o)
                0x01e1615a                __floatsidf
 .text          0x01e161a6       0x34 C:\JL\pi32\pi32v2-lib\r3\libcompiler-rt.a(floatunsidf.o)
                0x01e161a6                __floatunsidf
 .text          0x01e161da      0x2fa C:\JL\pi32\pi32v2-lib\r3\libcompiler-rt.a(muldf3.o)
                0x01e16210                __muldf3
 .text          0x01e164d4        0x6 C:\JL\pi32\pi32v2-lib\r3\libcompiler-rt.a(subdf3.o)
                0x01e164d4                __subdf3
 .text          0x01e164da      0x142 C:\JL\pi32\pi32v2-lib\r3\libcompiler-rt.a(truncdfsf2.o)
                0x01e164da                __truncdfsf2
 .text          0x01e1661c       0x10 C:\JL\pi32\pi32v2-lib\r3\libcompiler-rt.a(udivdi3.o)
                0x01e1661c                __udivdi3
 .text          0x01e1662c      0x226 C:\JL\pi32\pi32v2-lib\r3\libcompiler-rt.a(udivmoddi4.o)
                0x01e1662c                __udivmoddi4
                0x01e16852                bank_stub_start = .
 *(.bank.stub.*)
                0x00000000                bank_stub_size = (. - bank_stub_start)
 *(.LOG_TAG_CONST*)
 *(.rodata*)
 .rodata.str1.1
                0x01e16852     0x1a07 cpu\br25\tools\sdk.elf.o
                               0x1a15 (size before relaxing)
 *fill*         0x01e18259        0x7 
 .rodata        0x01e18260     0xd588 cpu\br25\tools\sdk.elf.o
 .rodata.cst16  0x01e257e8       0x20 cpu\br25\tools\sdk.elf.o
 .rodata.cst8   0x01e25808       0x10 cpu\br25\tools\sdk.elf.o
 .rodata._ZTV15StaticAllocatorI9floatRealE
                0x01e25818       0x10 cpu\br25\tools\sdk.elf.o
 .rodata._ZTV15StaticAllocatorI7fixRealE
                0x01e25828       0x10 cpu\br25\tools\sdk.elf.o
 .rodata        0x01e25838      0x281 C:\JL\pi32\pi32v2-lib\r3\libc.a(lib_a-ctype_.o)
                0x01e259b8                _ctype_
                0x01e25abc                . = ALIGN (0x4)
 *fill*         0x01e25ab9        0x3 
 *(.dts_dec_const)
 *(.dts_const)
 *(.dts_dec_code)
 *(.dts_code)
 *(.dts_dec_sparse_code)
 *(.dts_dec_sparse_const)
 *(.dts_dec_ff_const)
                0x01e25abc                . = ALIGN (0x4)
 *(.m4a_const)
 *(.m4a_code)
 *(.m4a_dec_const)
 *(.m4a_dec_code)
 *(.m4a_dec_sparse_code)
 *(.m4a_dec_sparse_const)
 *(.m4a_dec_ff_const)
                0x01e25abc                . = ALIGN (0x4)
 *(.aac_const)
 *(.aac_code)
 *(.bt_aac_dec_eng_const)
 *(.bt_aac_dec_eng_code)
 *(.bt_aac_dec_core_code)
 *(.bt_aac_dec_core_sparse_code)
                0x01e25abc                . = ALIGN (0x4)
                0x01e25abc                clock_critical_handler_begin = .
 *(.clock_critical_txt)
 .clock_critical_txt
                0x01e25abc       0x20 cpu\br25\tools\sdk.elf.o
                0x01e25abc                clock_chargestore
                0x01e25ac4                clock_uart
                0x01e25acc                clock_sd
                0x01e25ad4                clock_port
                0x01e25adc                clock_critical_handler_end = .
                0x01e25adc                . = ALIGN (0x4)
                0x01e25adc                gsensor_dev_begin = .
 *(.gsensor_dev)
                0x01e25adc                gsensor_dev_end = .
                0x01e25adc                . = ALIGN (0x4)
                0x01e25adc                fm_dev_begin = .
 *(.fm_dev)
 .fm_dev        0x01e25adc       0x28 cpu\br25\tools\sdk.elf.o
                0x01e25b04                fm_dev_end = .
                0x01e25b04                . = ALIGN (0x4)
                0x01e25b04                fm_emitter_dev_begin = .
 *(.fm_emitter_dev)
                0x01e25b04                fm_emitter_dev_end = .
                0x01e25b04                . = ALIGN (0x4)
                0x01e25b04                storage_device_begin = .
 *(.storage_device)
 .storage_device
                0x01e25b04       0x1c cpu\br25\tools\sdk.elf.o
                0x01e25b04                stroage_dev
                0x01e25b20                storage_device_end = .
                0x01e25b20                . = ALIGN (0x4)
                0x01e25b20                ui_main_begin = .
 *(.ui_main)
 .ui_main       0x01e25b20       0x50 cpu\br25\tools\sdk.elf.o
                0x01e25b20                bt_main
                0x01e25b34                fm_main
                0x01e25b48                linein_main
                0x01e25b5c                music_main
                0x01e25b70                ui_main_end = .
                0x01e25b70                . = ALIGN (0x4)
 *(.bfilt_code)
 *(.bfilt_table_maskroom)
                0x01e25b70                . = ALIGN (0x4)
 *(.tech_lib.aec.text)
                0x01e25b70                . = ALIGN (0x4)
                0x01e25b70                btctler_code_start = .
                0x01e25b70                BTCTLER_CONTROLLER_CODE_START = .
 *(.bt_rf_const)
 .bt_rf_const   0x01e25b70      0x411 cpu\br25\tools\sdk.elf.o
 *(.bt_rf_code)
 *fill*         0x01e25f81        0x1 
 .bt_rf_code    0x01e25f82     0x167e cpu\br25\tools\sdk.elf.o
 *(.vendor_manager_const)
 *(.vendor_manager_code)
 *(.device_manager_const)
 *(.device_manager_code)
 *(.hci_controller_const)
 .hci_controller_const
                0x01e27600       0x28 cpu\br25\tools\sdk.elf.o
 *(.hci_controller_code)
 .hci_controller_code
                0x01e27628      0x502 cpu\br25\tools\sdk.elf.o
 *(.hci_interface_const)
 *(.hci_interface_code)
                0x00001fba                BTCTLER_CONTROLLER_CODE_SIZE = ABSOLUTE ((. - BTCTLER_CONTROLLER_CODE_START))
                0x01e27b2a                BTCTLER_LE_CONTROLLER_CODE_START = .
 *(.ble_rf_const)
 *(.ble_rf_code)
 .ble_rf_code   0x01e27b2a     0x148e cpu\br25\tools\sdk.elf.o
 *(.ble_ll_const)
 .ble_ll_const  0x01e28fb8       0x20 cpu\br25\tools\sdk.elf.o
 *(.ble_ll_code)
 .ble_ll_code   0x01e28fd8      0x4f2 cpu\br25\tools\sdk.elf.o
 *(.ble_hci_const)
 *(.ble_hci_code)
 .ble_hci_code  0x01e294ca       0x3a cpu\br25\tools\sdk.elf.o
 *(.classic_hci_const)
 *(.classic_hci_code)
                0x000019da                BTCTLER_LE_CONTROLLER_CODE_SIZE = ABSOLUTE ((. - BTCTLER_LE_CONTROLLER_CODE_START))
                0x01e29504                BTCTLER_CL_CODE_START = .
 *(.bredr_irq)
 *(.bredr_irq_code)
 *(.bredr_irq_const)
 *(.classic_lmp_const)
 .classic_lmp_const
                0x01e29504       0x22 cpu\br25\tools\sdk.elf.o
 *(.classic_lmp_linkbulk_const)
 *(.classic_lmp_code)
 .classic_lmp_code
                0x01e29526     0x4b66 cpu\br25\tools\sdk.elf.o
 *(.classic_lmp_linkbulk_code)
                0x01e2e08c                LMP_ENC_CODE_START = .
 *(.classic_lmp_auth_const)
 .classic_lmp_auth_const
                0x01e2e08c      0x4f0 cpu\br25\tools\sdk.elf.o
 *(.classic_lmp_bigint_const)
 *(.classic_lmp_crypt_const)
 *(.classic_lmp_ecdh_const)
 *(.classic_lmp_hmac_const)
 *(.classic_lmp_auth_code)
 .classic_lmp_auth_code
                0x01e2e57c      0x642 cpu\br25\tools\sdk.elf.o
 *(.classic_lmp_bigint_code)
 *(.classic_lmp_crypt_code)
 *(.classic_lmp_ecdh_code)
 *(.classic_lmp_hmac_code)
                0x00000b32                LMP_ENC_CODE_SIZE = ABSOLUTE ((. - LMP_ENC_CODE_START))
 *(.classic_rf_const)
 *fill*         0x01e2ebbe        0x2 
 .classic_rf_const
                0x01e2ebc0      0x154 cpu\br25\tools\sdk.elf.o
 *(.classic_rf_code)
 .classic_rf_code
                0x01e2ed14     0x59da cpu\br25\tools\sdk.elf.o
 *(.classic_bb_const)
 *(.classic_bb_code)
                0x0000b1ea                BTCTLER_CL_CODE_SIZE = ABSOLUTE ((. - BTCTLER_CL_CODE_START))
                0x01e346f0                . = ALIGN (0x4)
 *fill*         0x01e346ee        0x2 
 *(.classic_tws_const)
 .classic_tws_const
                0x01e346f0        0x8 cpu\br25\tools\sdk.elf.o
 *(.classic_tws_code)
 .classic_tws_code
                0x01e346f8     0x8f14 cpu\br25\tools\sdk.elf.o
 *(.classic_tws_code.esco)
 *(.tws_media_sync_code)
 *(.tws_media_sync_const)
 *(.tws_data_forward_code)
 *(.tws_data_forward_const)
                0x01e3d60c                . = ALIGN (0x4)
                0x01e3d60c                tws_func_stub_begin = .
 *(.tws_func_stub)
 .tws_func_stub
                0x01e3d60c       0x20 cpu\br25\tools\sdk.elf.o
                0x01e3d62c                tws_func_stub_end = .
 *(.lmp_irq_code)
 .lmp_irq_code  0x01e3d62c      0x196 cpu\br25\tools\sdk.elf.o
 *(.link_bulk_code)
 .link_bulk_code
                0x01e3d7c2      0x3d6 cpu\br25\tools\sdk.elf.o
 *(.frame_irq_code)
                0x01e3db98                . = ALIGN (0x4)
 *(.link_task_const)
 .link_task_const
                0x01e3db98        0x8 cpu\br25\tools\sdk.elf.o
 *(.link_task_code)
 .link_task_code
                0x01e3dba0      0x70a cpu\br25\tools\sdk.elf.o
                0x01e3e2ac                . = ALIGN (0x4)
 *fill*         0x01e3e2aa        0x2 
 *(.classic_irq_const)
 *(.classic_irq_code)
                0x01e3e2ac                . = ALIGN (0x4)
 *(.tws_irq_code)
                0x01e3e2ac                . = ALIGN (0x4)
                0x01e3e2ac                tws_sync_call_begin = .
 *(.tws_sync_call)
 .tws_sync_call
                0x01e3e2ac       0x18 cpu\br25\tools\sdk.elf.o
                0x01e3e2c4                tws_sync_call_end = .
                0x01e3e2c4                . = ALIGN (0x4)
                0x01e3e2c4                tws_sync_channel_begin = .
 *(.tws_sync_channel.0)
 *(.tws_sync_channel.1)
 .tws_sync_channel.1
                0x01e3e2c4       0x1c cpu\br25\tools\sdk.elf.o
                0x01e3e2c4                tws_link_sync
 *(.tws_sync_channel.2)
 .tws_sync_channel.2
                0x01e3e2e0       0x1c cpu\br25\tools\sdk.elf.o
                0x01e3e2e0                tws_conn_sync
 *(.tws_sync_channel.3)
 .tws_sync_channel.3
                0x01e3e2fc       0x1c cpu\br25\tools\sdk.elf.o
                0x01e3e2fc                tws_afh_sync
 *(.tws_sync_channel.4)
 *(.tws_sync_channel.5)
 *(.tws_sync_channel.6)
 .tws_sync_channel.6
                0x01e3e318       0x1c cpu\br25\tools\sdk.elf.o
                0x01e3e318                tws_acl_data_sync
 *(.tws_sync_channel.7)
 .tws_sync_channel.7
                0x01e3e334       0x1c cpu\br25\tools\sdk.elf.o
                0x01e3e334                tws_media_sync
 *(.tws_sync_channel.8)
 .tws_sync_channel.8
                0x01e3e350       0x1c cpu\br25\tools\sdk.elf.o
                0x01e3e350                tws_event_sync
 *(.tws_sync_channel.9)
 .tws_sync_channel.9
                0x01e3e36c       0x38 cpu\br25\tools\sdk.elf.o
                0x01e3e36c                tws_sync_call
                0x01e3e388                tws_local_media_sync
 *(.tws_sync_channel.10)
 .tws_sync_channel.10
                0x01e3e3a4       0x1c cpu\br25\tools\sdk.elf.o
                0x01e3e3a4                tws_power_balance
 *(.tws_sync_channel.11)
 *(.tws_sync_channel.12)
 *(.tws_sync_channel.13)
 .tws_sync_channel.13
                0x01e3e3c0       0x1c cpu\br25\tools\sdk.elf.o
                0x01e3e3c0                tws_lmp_slot_sync
                0x01e3e3dc                tws_sync_channel_end = .
                0x01e3e3dc                btctler_code_end = .
                0x01e3e3dc                . = ALIGN (0x4)
                0x01e3e3dc                . = ALIGN (0x4)
                0x01e3e3dc                btstack_code_start = .
                0x01e3e3dc                . = ALIGN (0x4)
                0x01e3e3dc                a2dp_source_media_codec_begin = .
 *(.a2dp_source_media_codec)
 .a2dp_source_media_codec
                0x01e3e3dc       0x18 cpu\br25\tools\sdk.elf.o
                0x01e3e3dc                a2dp_source_codec
                0x01e3e3f4                a2dp_source_media_codec_end = .
                0x01e3e3f4                a2dp_sink_media_probe_begin = .
 *(.a2dp_sink_media_probe)
                0x01e3e3f4                a2dp_sink_media_probe_end = .
                0x01e3e3f4                a2dp_sink_media_codec_begin = .
 *(.a2dp_sink_media_codec)
 .a2dp_sink_media_codec
                0x01e3e3f4       0x30 cpu\br25\tools\sdk.elf.o
                0x01e3e3f4                a2dp_aac_sink_codec
                0x01e3e40c                a2dp_sbc_codec_private
                0x01e3e424                a2dp_sink_media_codec_end = .
                0x01e3e424                a2dp_event_handler_begin = .
 *(.a2dp_event_handler)
 .a2dp_event_handler
                0x01e3e424       0x54 cpu\br25\tools\sdk.elf.o
                0x01e3e424                a2dp_sink_event_handler
                0x01e3e440                a2dp_source_event_handler
                0x01e3e45c                acp_a2dp_event_handler
                0x01e3e478                a2dp_event_handler_end = .
                0x01e3e478                sdp_record_item_begin = .
 *(.sdp_record_item)
 .sdp_record_item
                0x01e3e478       0x3c cpu\br25\tools\sdk.elf.o
                0x01e3e478                a2dp_sdp_record_item
                0x01e3e484                arp_ct_sdp_record_item
                0x01e3e490                hfp_sdp_record_item
                0x01e3e49c                hid_sdp_record_item
                0x01e3e4a8                pnp_sdp_record_item
                0x01e3e4b4                sdp_record_item_end = .
                0x01e3e4b4                bt_sleep_begin = .
 *(.bt_sleep)
 .bt_sleep      0x01e3e4b4       0x54 cpu\br25\tools\sdk.elf.o
                0x01e3e4b4                bt_suspend_a2dp_resumea2dp_release
                0x01e3e4c0                bt_suspend_avctp_resumeavctp_release
                0x01e3e4cc                bt_suspend_hfp_resumehfp_release
                0x01e3e4d8                bt_suspend_hid_resumehid_release
                0x01e3e4e4                bt_suspend_spp_resumespp_release
                0x01e3e4f0                bt_suspend_sdp_resumesdp_release
                0x01e3e4fc                bt_suspend_user_cmd_loop_resumeuser_cmd_loop_release
                0x01e3e508                bt_sleep_end = .
 *(.bt_stack_const)
 .bt_stack_const
                0x01e3e508      0x86c cpu\br25\tools\sdk.elf.o
 *(.bt_stack_code)
 .bt_stack_code
                0x01e3ed74     0xa758 cpu\br25\tools\sdk.elf.o
 *(.ble_db_const)
 *(.ble_db_code)
 *(.ble_sm_const)
 *(.ble_sm_code)
 *(.ble_att_const)
 *(.ble_att_code)
 *(.ble_gatt_const)
 *(.ble_gatt_code)
                0x01e494cc                BTSTACK_LE_HOST_MESH_CODE_START = .
 *(.ble_mesh_code)
 *(.ble_mesh_tinycrypt_code)
 *(.ble_mesh_const)
 *(.ble_mesh_tinycrypt_const)
                0x00000000                BTSTACK_LE_HOST_MESH_CODE_SIZE = ABSOLUTE ((. - BTSTACK_LE_HOST_MESH_CODE_START))
                0x01e494cc                btstack_code_end = .
                0x01e494cc                . = ALIGN (0x4)
                0x01e494cc                . = ALIGN (0x4)
                0x01e494cc                . = ALIGN (0x4)
                0x01e494cc                system_text_start = .
                0x01e494cc                _device_node_begin = .
                0x01e494cc                PROVIDE (device_node_begin, .)
 *(.device)
 .device        0x01e494cc       0x18 cpu\br25\tools\sdk.elf.o
                0x01e494cc                device_table
                0x01e494e4                _device_node_end = .
                0x01e494e4                PROVIDE (device_node_end, .)
                0x01e494e4                config_target_begin = .
                [!provide]                PROVIDE (config_target_begin, .)
 *(.config_target)
                0x01e494e4                config_target_end = .
                [!provide]                PROVIDE (config_target_end, .)
                0x01e494e4                system_code_begin = .
 *(.system.*.text)
 .system.printf.text
                0x01e494e4      0x55c cpu\br25\tools\sdk.elf.o
 .system.lbuf.text
                0x01e49a40      0x596 cpu\br25\tools\sdk.elf.o
 .system.cpu.text
                0x01e49fd6      0x9fa cpu\br25\tools\sdk.elf.o
                0x01e4a48a                vFillingTaskStack
                0x01e4a4ae                maskrom_init
                0x01e4a8e0                hw_mmu_disable
 .system.timer.text
                0x01e4a9d0      0x6b6 cpu\br25\tools\sdk.elf.o
 .system.cbuf.text
                0x01e4b086      0x144 cpu\br25\tools\sdk.elf.o
 .system.event.text
                0x01e4b1ca      0x420 cpu\br25\tools\sdk.elf.o
 .system.app_core.text
                0x01e4b5ea      0x81c cpu\br25\tools\sdk.elf.o
 .system.fs.text
                0x01e4be06     0x540a cpu\br25\tools\sdk.elf.o
 .system.ascii.text
                0x01e51210       0xbe cpu\br25\tools\sdk.elf.o
 .system.task.text
                0x01e512ce       0x52 cpu\br25\tools\sdk.elf.o
 .system.cfg_tool.text
                0x01e51320      0x6a0 cpu\br25\tools\sdk.elf.o
 .system.device.text
                0x01e519c0       0xdc cpu\br25\tools\sdk.elf.o
 .system.init.text
                0x01e51a9c     0x13b8 cpu\br25\tools\sdk.elf.o
                0x01e51aa6                boot_info_init
                0x01e51ada                main
                0x01e52e54                system_code_end = .
                0x01e52e54                . = ALIGN (0x4)
                0x00009970                system_code_size = (system_code_end - system_code_begin)
                0x01e52e54                vfs_ops_begin = .
 *(.vfs_operations)
 .vfs_operations
                0x01e52e54      0x12c cpu\br25\tools\sdk.elf.o
                0x01e52f80                vfs_ops_end = .
                0x01e52f80                _lib_version_begin = .
                0x01e52f80                PROVIDE (lib_version_begin, .)
 *(.lib_version)
 .lib_version   0x01e52f80        0xc cpu\br25\tools\sdk.elf.o
                0x01e52f80                __version_fs
                0x01e52f84                __version_sdfile
                0x01e52f88                __version_fatfs
                0x01e52f8c                _lib_version_end = .
                0x01e52f8c                PROVIDE (lib_version_end, .)
                0x01e52f8c                _initcall_begin = .
                0x01e52f8c                PROVIDE (initcall_begin, .)
 *(.initcall)
 .initcall      0x01e52f8c        0x4 cpu\br25\tools\sdk.elf.o
                0x01e52f8c                __initcall_eq_init
                0x01e52f90                _initcall_end = .
                0x01e52f90                PROVIDE (initcall_end, .)
                0x01e52f90                _early_initcall_begin = .
                0x01e52f90                PROVIDE (early_initcall_begin, .)
 *(.early.initcall)
 .early.initcall
                0x01e52f90       0x10 cpu\br25\tools\sdk.elf.o
                0x01e52f90                __initcall_board_power_wakeup_init
                0x01e52f94                __initcall_app_chip_set_osc_cap
                0x01e52f98                __initcall_sys_event_init
                0x01e52f9c                __initcall_sdfile_init
                0x01e52fa0                _early_initcall_end = .
                0x01e52fa0                PROVIDE (early_initcall_end, .)
                0x01e52fa0                _late_initcall_begin = .
                0x01e52fa0                PROVIDE (late_initcall_begin, .)
 *(.late.initcall)
 .late.initcall
                0x01e52fa0        0x4 cpu\br25\tools\sdk.elf.o
                0x01e52fa0                __initcall_storage_dev_init
                0x01e52fa4                _late_initcall_end = .
                0x01e52fa4                PROVIDE (late_initcall_end, .)
                0x01e52fa4                _platform_initcall_begin = .
                0x01e52fa4                PROVIDE (platform_initcall_begin, .)
 *(.platform.initcall)
 .platform.initcall
                0x01e52fa4        0x4 cpu\br25\tools\sdk.elf.o
                0x01e52fa4                __initcall_syscfg_tools_init
                0x01e52fa8                _platform_initcall_end = .
                0x01e52fa8                PROVIDE (platform_initcall_end, .)
                0x01e52fa8                _module_initcall_begin = .
                0x01e52fa8                PROVIDE (module_initcall_begin, .)
 *(.module.initcall)
                0x01e52fa8                _module_initcall_end = .
                0x01e52fa8                PROVIDE (module_initcall_end, .)
                0x01e52fa8                _sys_event_handler_begin = .
                0x01e52fa8                PROVIDE (sys_event_handler_begin, .)
 *(.sys_event.4.handler)
 *(.sys_event.3.handler)
 *(.sys_event.2.handler)
 *(.sys_event.1.handler)
 *(.sys_event.0.handler)
 .sys_event.0.handler
                0x01e52fa8        0x8 cpu\br25\tools\sdk.elf.o
                0x01e52fa8                __event_handler_tws_key_event_handler
                0x01e52fb0                _sys_event_handler_end = .
                0x01e52fb0                PROVIDE (sys_event_handler_end, .)
                0x01e52fb0                _syscfg_arg_begin = .
                [!provide]                PROVIDE (syscfg_arg_begin, .)
 *(.syscfg.arg)
                0x01e52fb0                _syscfg_arg_end = .
                [!provide]                PROVIDE (syscfg_arg_end, .)
                0x01e52fb0                _syscfg_handler_begin = .
                [!provide]                PROVIDE (syscfg_handler_begin, .)
 *(.syscfg.handler)
                0x01e52fb0                _syscfg_handler_end = .
                [!provide]                PROVIDE (syscfg_handler_end, .)
                0x01e52fb0                _syscfg_ops_begin = .
                0x01e52fb0                PROVIDE (syscfg_ops_begin, .)
 *(.syscfg.2.ops)
 .syscfg.2.ops  0x01e52fb0       0x18 cpu\br25\tools\sdk.elf.o
                0x01e52fb0                cfg_btif
 *(.syscfg.1.ops)
 .syscfg.1.ops  0x01e52fc8       0x18 cpu\br25\tools\sdk.elf.o
                0x01e52fc8                cfg_vm
 *(.syscfg.0.ops)
 .syscfg.0.ops  0x01e52fe0       0x18 cpu\br25\tools\sdk.elf.o
                0x01e52fe0                cfg_bin
                0x01e52ff8                _syscfg_ops_end = .
                0x01e52ff8                PROVIDE (syscfg_ops_end, .)
                0x01e52ff8                _server_info_begin = .
                [!provide]                PROVIDE (server_info_begin, .)
 *(.server_info)
                0x01e52ff8                _server_info_end = .
                [!provide]                PROVIDE (server_info_end, .)
                0x01e52ff8                _bus_device_begin = .
                [!provide]                PROVIDE (bus_device_begin, .)
 *(.bus_device)
                0x01e52ff8                _bus_device_end = .
                [!provide]                PROVIDE (bus_device_end, .)
                0x01e52ff8                _sys_power_hal_ops_begin = .
                [!provide]                PROVIDE (sys_power_hal_ops_begin, .)
 *(.sys_power_hal_ops)
                0x01e52ff8                _sys_power_hal_ops_end = .
                [!provide]                PROVIDE (sys_power_hal_ops_end, .)
                0x01e52ff8                . = ALIGN (0x4)
                0x01e52ff8                lp_target_begin = .
                [!provide]                PROVIDE (lp_target_begin, .)
 *(.lp_target)
 .lp_target     0x01e52ff8       0x68 cpu\br25\tools\sdk.elf.o
                0x01e52ff8                key_lp_target
                0x01e53000                vbat_check_lp_target
                0x01e53008                phone_incom_lp_target
                0x01e53010                linein_dev_lp_target
                0x01e53018                audio_mc_device_lp_target
                0x01e53020                audio_dec_init_lp_target
                0x01e53028                bt_dec_lp_target
                0x01e53030                audio_tone_lp_target
                0x01e53038                tone_dec_lp_target
                0x01e53040                mic_demo_lp_target
                0x01e53048                __wakeup_is_idle_target
                0x01e53050                sd_dev_lp_target
                0x01e53058                hi_systimer_lp_target
                0x01e53060                lp_target_end = .
                [!provide]                PROVIDE (lp_target_end, .)
                0x01e53060                . = ALIGN (0x4)
                0x01e53060                deepsleep_target_begin = .
                [!provide]                PROVIDE (deepsleep_target_begin, .)
 *(.deepsleep_target)
                0x01e53060                deepsleep_target_end = .
                [!provide]                PROVIDE (deepsleep_target_end, .)
                0x01e53060                crypto_begin = .
 *(.crypto_ecdh_code)
 *(.crypto_ecdh_const)
 *(.crypto_bigint_code)
 .crypto_bigint_code
                0x01e53060      0x420 cpu\br25\tools\sdk.elf.o
 *(.crypto_bigint_const)
 *(.crypto_code)
 .crypto_code   0x01e53480      0x428 cpu\br25\tools\sdk.elf.o
 *(.crypto_const)
 .crypto_const  0x01e538a8      0x171 cpu\br25\tools\sdk.elf.o
 *(.ECDH_sample_code)
 *(.ECDH_sample_const)
 *(.uECC_code)
 *fill*         0x01e53a19        0x1 
 .uECC_code     0x01e53a1a      0x952 cpu\br25\tools\sdk.elf.o
 *(.uECC_const)
 .uECC_const    0x01e5436c       0x60 cpu\br25\tools\sdk.elf.o
 *(.hmac_code)
 .hmac_code     0x01e543cc      0x356 cpu\br25\tools\sdk.elf.o
 *(.hmac_const)
 *(.hash_sample_code)
 *(.hash_sample_const)
 *(.aes_cmac_sample_code)
 *(.aes_cmac_sample_const)
                0x01e54722                crypto_end = .
                0x000016c2                crypto_size = (. - crypto_begin)
 *(.mem_code)
 *(.mem_const)
 *(.os_port_code)
 *(.os_port_const)
                0x01e54722                system_text_end = .
                0x01e54724                . = ALIGN (0x4)
 *fill*         0x01e54722        0x2 
 *(.mp2_encode_code)
 *(.mp2_encode_const)
 *(.mp2_encode_sparse_code)
 *(.mp2_encode_sparse_code)
                0x01e54724                . = ALIGN (0x4)
 *(.mp3_enc_code)
 *(.mp3_enc_const)
 *(.mp3_enc_sparse_code)
 *(.mp3_enc_sparse_const)
                0x01e54724                . = ALIGN (0x4)
 *(.adpcm_encode_code)
 *(.adpcm_encode_const)
 *(.adpcm_encode_sparse_code)
 *(.adpcm_encode_sparse_const)
                0x01e54724                . = ALIGN (0x4)
 *(.wav_dec_sparse_code)
 .wav_dec_sparse_code
                0x01e54724      0x6be cpu\br25\tools\sdk.elf.o
 *(.wav_dec_sparse_const)
 *(.wav_dec_code)
 .wav_dec_code  0x01e54de2      0x99c cpu\br25\tools\sdk.elf.o
 *(.wav_dec_const)
 *fill*         0x01e5577e        0x2 
 .wav_dec_const
                0x01e55780      0x228 cpu\br25\tools\sdk.elf.o
 *(.wav_const)
 *(.wav_code)
 .wav_code      0x01e559a8      0x2f0 cpu\br25\tools\sdk.elf.o
                0x01e55c98                . = ALIGN (0x4)
 *(.amr_const)
 *(.amr_code)
 *(.amr_dec_const)
 *(.amr_dec_code)
 *(.amr_dec_sparse_code)
 *(.amr_dec_sparse_const)
 *(.amr_dec_ff_const)
                0x01e55c98                . = ALIGN (0x4)
 *(.ape_dec_sparse_code)
 *(.ape_dec_sparse_const)
 *(.ape_dec_code)
 *(.ape_dec_const)
 *(.ape_bss)
 *(.ape_const)
 *(.ape_code)
                0x01e55c98                . = ALIGN (0x4)
 *(.flac_dec_sparse_code)
 *(.flac_dec_sparse_const)
 *(.flac_dec_code)
 *(.flac_dec_const)
 *(.flac_const)
 *(.flac_code)
                0x01e55c98                . = ALIGN (0x4)
 *(.alac_dec_code)
                0x01e55c98                . = ALIGN (0x4)
                0x01f00120                PROVIDE (flash_code_end, (flash_code_begin + 0x100000))
                0x01e55c98                update_code_start = .
 *(.bt_updata_ram_code)
 .bt_updata_ram_code
                0x01e55c98      0x170 cpu\br25\tools\sdk.elf.o
 *(.update_const)
 .update_const  0x01e55e08      0x148 cpu\br25\tools\sdk.elf.o
 *(.update_code)
 .update_code   0x01e55f50     0x151a cpu\br25\tools\sdk.elf.o
                0x01e5746a                update_code_end = .
                0x01e5746c                . = ALIGN (0x4)
 *fill*         0x01e5746a        0x2 
                0x01e5746c                media_text_start = .
 *(.aec_code)
 .aec_code      0x01e5746c     0x1030 cpu\br25\tools\sdk.elf.o
 *(.aec_const)
 *(.der_code)
 *(.der_const)
 *(.nlp_code)
 .nlp_code      0x01e5849c      0x874 cpu\br25\tools\sdk.elf.o
 *(.nlp_const)
 *(.qmf_code)
 .qmf_code      0x01e58d10      0x302 cpu\br25\tools\sdk.elf.o
 *(.qmf_const)
 *fill*         0x01e59012        0x2 
 .qmf_const     0x01e59014       0x18 cpu\br25\tools\sdk.elf.o
                0x01e5902c                . = ALIGN (0x4)
 *(.res_code)
 *(.res_const)
                0x01e5902c                . = ALIGN (0x4)
 *(.ns_code)
 .ns_code       0x01e5902c      0x8ea cpu\br25\tools\sdk.elf.o
 *(.ns_const)
                0x01e59918                . = ALIGN (0x4)
 *fill*         0x01e59916        0x2 
 *(.pcm_code)
 .pcm_code      0x01e59918       0x92 cpu\br25\tools\sdk.elf.o
 *(.pcm_const)
 *(.g729_code)
 .g729_code     0x01e599aa      0x224 cpu\br25\tools\sdk.elf.o
 *(.g729_const)
 *(.g726_code)
 *(.g726_const)
 *(.wtg_dec_code)
 .wtg_dec_code  0x01e59bce      0xd5a cpu\br25\tools\sdk.elf.o
 *(.wtg_dec_const)
 .wtg_dec_const
                0x01e5a928     0x10b4 cpu\br25\tools\sdk.elf.o
 *(.wtg_dec_sparse_code)
 .wtg_dec_sparse_code
                0x01e5b9dc       0xe4 cpu\br25\tools\sdk.elf.o
 *(.wtg_dec_sparse_const)
 *(.bfilt_code)
                0x01e5bac0                . = ALIGN (0x4)
 *(.mp3_decstream_const)
 *(.mp3_decstream_code)
 *(.mp3_decstream_sparse_code)
 *(.mp3_decstream_sparse_const)
 *(.mp3_dec_sparse_code)
 .mp3_dec_sparse_code
                0x01e5bac0     0x102c cpu\br25\tools\sdk.elf.o
 *(.mp3_dec_sparse_const)
 *(.mp3_dec_code)
 .mp3_dec_code  0x01e5caec     0x31de cpu\br25\tools\sdk.elf.o
 *(.mp3_dec_const)
 *fill*         0x01e5fcca        0x2 
 .mp3_dec_const
                0x01e5fccc     0x2b2c cpu\br25\tools\sdk.elf.o
 *(.mp3_const)
 *(.mp3_code)
 .mp3_code      0x01e627f8      0x422 cpu\br25\tools\sdk.elf.o
 *(.msbc_code)
 .msbc_code     0x01e62c1a      0x4c8 cpu\br25\tools\sdk.elf.o
 *(.msbc_const)
 *fill*         0x01e630e2        0x2 
 .msbc_const    0x01e630e4       0x50 cpu\br25\tools\sdk.elf.o
 *(.mty_code)
 *(.mty_const)
 *(.mp3tsy_dec_code)
 *(.mp3tsy_dec_const)
 *(.mp3tsy_dec_sparse_code)
 *(.mp3tsy_dec_sparse_const)
 *(.sbc_code)
 .sbc_code      0x01e63134      0x3ce cpu\br25\tools\sdk.elf.o
 *(.sbc_const)
 *fill*         0x01e63502        0x2 
 .sbc_const     0x01e63504        0xc cpu\br25\tools\sdk.elf.o
 *(.sine_code)
 *(.sine_const)
 *(.wma_code)
 *(.wma_const)
 *(.wma_dec_code)
 *(.wma_dec_const)
 *(.wma_dec_sparse_code)
 *(.wma_dec_sparse_const)
 *(.wma_decstream_const)
 *(.wma_decstream_code)
 *(.wma_decstream_sparse_code)
 *(.wma_decstream_sparse_const)
 *(.amr_code)
 *(.amr_const)
 *(.midi_code)
 *(.midi_const)
 *(.audio_decoder_code)
 .audio_decoder_code
                0x01e63510      0x952 cpu\br25\tools\sdk.elf.o
 *(.audio_decoder_const)
 *(.mp3_encode_code)
 *(.mp3_encode_const)
 *(.media_device_code)
 *(.media_device_const)
 *(.audio_encoder_code)
 *(.audio_encoder_const)
 *(.mixer_code)
 .mixer_code    0x01e63e62      0x2a6 cpu\br25\tools\sdk.elf.o
 *(.mixer_const)
 *(.dec_server_code)
 *(.dec_server_const)
 *(.rec_server_code)
 *(.rec_server_const)
 *(.auto_mute_code)
 .auto_mute_code
                0x01e64108      0x264 cpu\br25\tools\sdk.elf.o
 *(.auto_mute_const)
 *(.plc_code)
 *(.plc_const)
 *(.wireless_sync_code)
 *(.wireless_sync_const)
 *(.fft_code)
 .fft_code      0x01e6436c      0x194 cpu\br25\tools\sdk.elf.o
 *(.fft_const)
 *(.mp3_enc_code)
 *(.mp3_enc_const)
 *(.mp3_enc_sparse_code)
 *(.mp3_enc_sparse_const)
                0x01e64500                . = ALIGN (0x4)
 *(.mp2_encode_code)
 *(.mp2_encode_const)
 *(.mp2_encode_sparse_code)
 *(.mp2_encode_sparse_const)
                0x01e64500                . = ALIGN (0x4)
 *(.adpcm_encode_code)
 *(.adpcm_encode_const)
 *(.adpcm_encode_sparse_code)
 *(.adpcm_encode_sparse_const)
                0x01e64500                . = ALIGN (0x4)
 *(.m4a_dec_sparse_code)
 *(.m4a_dec_sparse_const)
 *(.aac_dec_sparse_code)
 *(.aac_dec_sparse_const)
 *(.bt_aac_dec_core_const)
 *(.amr_dec_const)
 *(.dts_dec_ff_const)
 *(.dts_dec_sparse_code)
 *(.dts_dec_sparse_const)
 *(.res_sparse_code)
 *(.ns_sparse_code)
 .ns_sparse_code
                0x01e64500      0x2f0 cpu\br25\tools\sdk.elf.o
 *(.aec_sparse_code)
 .aec_sparse_code
                0x01e647f0      0x2ae cpu\br25\tools\sdk.elf.o
 *(.nlp_sparse_code)
 .nlp_sparse_code
                0x01e64a9e      0x29c cpu\br25\tools\sdk.elf.o
 *(.der_sparse_code)
 *(.qmf_sparse_code)
 .qmf_sparse_code
                0x01e64d3a       0x26 cpu\br25\tools\sdk.elf.o
 *(.resample_cal_code)
 *(.resample_cal_sparse_code)
 *(.resample_cal_const)
 *(.bt_compressor_sparse_const)
 *(.bt_compressor_sparse_code)
 *(.compressor_sparse_code)
 .compressor_sparse_code
                0x01e64d60      0x1c6 cpu\br25\tools\sdk.elf.o
 *(.compressor_sparse_const)
 *(.bt_limiter_sparse_const)
 *(.bt_limiter_sparse_code)
 .bt_limiter_sparse_code
                0x01e64f26      0x7ee cpu\br25\tools\sdk.elf.o
 *(.limiter_sparse_code)
 .limiter_sparse_code
                0x01e65714      0x118 cpu\br25\tools\sdk.elf.o
 *(.limiter_sparse_const)
 *(.bt_crossOver_sparse_const)
 *(.bt_crossOver_sparse_code)
 *(.crossOver_sparse_code)
 .crossOver_sparse_code
                0x01e6582c       0xc4 include_lib/liba/br25/crossover_coff.a(crossOver.o)
                0x01e6582c                get_crossOver_buf
                0x01e6584c                crossOver_init
 .crossOver_sparse_code
                0x01e658f0      0x796 include_lib/liba/br25/crossover_coff.a(crossover_coff.o)
                0x01e658f0                crossoverCoff_init
                0x01e65ab6                crossoverCoff_run
 *(.crossOver_sparse_const)
 *(.audio_codec_code)
 .audio_codec_code
                0x01e66086      0x1c8 cpu\br25\tools\sdk.elf.o
                0x01e66250                . = ALIGN (0x4)
 *fill*         0x01e6624e        0x2 
                0x01e66250                _audio_decoder_begin = .
                0x01e66250                PROVIDE (audio_decoder_begin, .)
 *(.audio_decoder)
 .audio_decoder
                0x01e66250      0x1dc cpu\br25\tools\sdk.elf.o
                0x01e66250                sbc_decoder
                0x01e66294                msbc_decoder
                0x01e662d8                pcm_decoder
                0x01e6631c                wav_decoder
                0x01e66360                mp3_decoder
                0x01e663a4                cvsd_decoder
                0x01e663e8                g729_decoder
                0x01e6642c                _audio_decoder_end = .
                0x01e6642c                PROVIDE (audio_decoder_end, .)
                0x01e6642c                _audio_encoder_begin = .
                0x01e6642c                PROVIDE (audio_encoder_begin, .)
 *(.audio_encoder)
 .audio_encoder
                0x01e6642c       0x40 cpu\br25\tools\sdk.elf.o
                0x01e6642c                msbc_encoder
                0x01e6644c                cvsd_encoder
                0x01e6646c                _audio_encoder_end = .
                0x01e6646c                PROVIDE (audio_encoder_end, .)
                0x01e6646c                _audio_package_begin = .
                [!provide]                PROVIDE (audio_package_begin, .)
 *(.audio_package)
                0x01e6646c                _audio_package_end = .
                [!provide]                PROVIDE (audio_package_end, .)
                0x01e6646c                _audio_dev_begin = .
                [!provide]                PROVIDE (audio_dev_begin, .)
 *(.audio_device)
                0x01e6646c                _audio_dev_end = .
                [!provide]                PROVIDE (audio_dev_end, .)
                0x01e6646c                _audio_hwaccel_begin = .
                0x01e6646c                PROVIDE (audio_hwaccel_begin, .)
 *(.audio_hwaccel)
 .audio_hwaccel
                0x01e6646c       0x24 cpu\br25\tools\sdk.elf.o
                0x01e66490                _audio_hwaccel_end = .
                0x01e66490                PROVIDE (audio_hwaccel_end, .)
                0x01e66490                . = ALIGN (0x4)
                0x01e66490                media_code_begin = .
 *(.media.*.text)
 .media.audio_decoder.text
                0x01e66490       0x52 cpu\br25\tools\sdk.elf.o
 .media.media_cpu.text
                0x01e664e2     0x4014 cpu\br25\tools\sdk.elf.o
 .media.mixer.text
                0x01e6a4f6       0x20 cpu\br25\tools\sdk.elf.o
 .media.aec.text
                0x01e6a516      0x416 cpu\br25\tools\sdk.elf.o
 .media.audio_encoder.text
                0x01e6a92c       0x20 cpu\br25\tools\sdk.elf.o
                0x01e6a94c                . = ALIGN (0x4)
 *(.crossOver_code)
 .crossOver_code
                0x01e6a94c       0x98 include_lib/liba/br25/crossover_coff.a(crossOver.o)
                0x01e6a9b6                crossOver_run
 *(.crossOver_const)
 *(.bt_crossOver_const)
 *(.bt_crossOver_code)
                0x01e6a9e4                . = ALIGN (0x4)
 *(.compressor_code)
 .compressor_code
                0x01e6a9e4      0x31a cpu\br25\tools\sdk.elf.o
 *(.compressor_const)
 *(.bt_compressor_const)
 *(.bt_compressor_code)
                0x01e6ad00                . = ALIGN (0x4)
 *fill*         0x01e6acfe        0x2 
 *(.limiter_code)
 .limiter_code  0x01e6ad00      0x122 cpu\br25\tools\sdk.elf.o
 *(.limiter_const)
 *(.bt_limiter_const)
 *(.bt_limiter_code)
                0x01e6ae24                . = ALIGN (0x4)
 *fill*         0x01e6ae22        0x2 
                0x01e6ae24                media_code_end = .
                0x01e6ae24                . = ALIGN (0x4)
                0x00000000                media_code_size = (media_code_end - media_code_begin)
                0x01e6ae24                . = ALIGN (0x4)
                0x01e6ae24                media_text_end = .
                0x01e6ae24                driver_code_start = .
                0x01e6ae24                CLOCK_CODE_START = .
 *(.clock_code)
 .clock_code    0x01e6ae24      0x796 cpu\br25\tools\sdk.elf.o
 *(.clock_const)
 .clock_const   0x01e6b5ba        0x4 cpu\br25\tools\sdk.elf.o
                0x0000079a                CLOCK_CODE_SIZE = ABSOLUTE ((. - CLOCK_CODE_START))
 *(.debug_code)
 *(.debug_const)
 *(.power_code)
 *(.power_const)
 *(.uart_code)
 *(.uart_const)
                0x01e6b5be                driver_code_end = .
                0x01e6b5c0                . = ALIGN (0x4)
 *fill*         0x01e6b5be        0x2 
                0x00010000                . = ORIGIN (ram0)

.mmu_tlb        0x00010000      0x880
 *(.mmu_tlb_segment)
 .mmu_tlb_segment
                0x00010000      0x880 cpu\br25\tools\sdk.elf.o

.boot_info      0x00010880       0x40
 *(.boot_info)
 .boot_info     0x00010880       0x28 cpu\br25\tools\sdk.elf.o
                0x000108c0                . = ALIGN (0x20)
 *fill*         0x000108a8       0x18 

.irq_stack      0x000108c0      0x800
                0x000108c0                _cpu0_sstack_begin = .
                [!provide]                PROVIDE (cpu0_sstack_begin, .)
 *(.stack)
 .stack         0x000108c0      0x800 include_lib/liba/br25/cpu.a(startup.o)
                0x000110c0                _stack
                0x000110c0                _cpu0_sstack_end = .
                [!provide]                PROVIDE (cpu0_sstack_end, .)
                0x000110c0                _stack_end = .
                0x000110c0                . = ALIGN (0x4)

.data           0x000110c0     0x10dc
                0x000110c0                . = ALIGN (0x4)
 *(.data_magic)
 .data_magic    0x000110c0       0x40 cpu\br25\tools\sdk.elf.o
                0x000110c0                data_magic
                0x00011100                . = ALIGN (0x20)
                0x00011100                . = ALIGN (0x4)
 *(.data*)
 .data          0x00011100      0x320 cpu\br25\tools\sdk.elf.o
                0x00011214                jiffies
 .data          0x00011420        0x4 C:\JL\pi32\pi32v2-lib\r3\libc.a(lib_a-ctype_.o)
                0x00011420                __ctype_ptr__
                0x00011424                . = ALIGN (0x4)
                0x00011424                btstack_data_start = .
 *(.bt_stack_data)
 .bt_stack_data
                0x00011424       0xc4 cpu\br25\tools\sdk.elf.o
 *(.ble_db_data)
 *(.ble_sm_data)
 *(.ble_att_data)
 *(.ble_gatt_data)
                0x000114e8                BTSTACK_LE_HOST_MESH_DATA_START = .
                0x000114e8                . = ((. + 0x3) & 0xfffffffc)
                0x000114e8                _net_buf_pool_list = .
 *(._net_buf_pool.static.*)
 *(.ble_mesh_data)
 *(.ble_mesh_tinycrypt_data)
                0x00000000                BTSTACK_LE_HOST_MESH_DATA_SIZE = ABSOLUTE ((. - BTSTACK_LE_HOST_MESH_DATA_START))
                0x000114e8                btstack_data_end = .
                0x000114e8                . = ALIGN (0x4)
                0x000114e8                btctler_data_start = .
                0x000114e8                BTCTLER_CONTROLLER_DATA_START = .
 *(.bt_rf_data)
 .bt_rf_data    0x000114e8       0x36 cpu\br25\tools\sdk.elf.o
 *(.vendor_manager_data)
 *(.device_manager_data)
 *(.hci_controller_data)
 *fill*         0x0001151e        0x2 
 .hci_controller_data
                0x00011520       0xb8 cpu\br25\tools\sdk.elf.o
 *(.hci_interface_data)
                0x000000f0                BTCTLER_CONTROLLER_DATA_SIZE = ABSOLUTE ((. - BTCTLER_CONTROLLER_DATA_START))
                0x000115d8                BTCTLER_LE_CONTROLLER_DATA_START = .
 *(.ble_ll_data)
 .ble_ll_data   0x000115d8        0x8 cpu\br25\tools\sdk.elf.o
 *(.ble_hci_data)
 .ble_hci_data  0x000115e0       0xa8 cpu\br25\tools\sdk.elf.o
 *(.classic_hci_data)
 *(.ble_rf_data)
 .ble_rf_data   0x00011688        0x1 cpu\br25\tools\sdk.elf.o
                0x000000b1                BTCTLER_LE_CONTROLLER_DATA_SIZE = ABSOLUTE ((. - BTCTLER_LE_CONTROLLER_DATA_START))
                0x00011689                BTCTLER_CL_DATA_START = .
 *(.classic_lmp_data)
 *fill*         0x00011689        0x3 
 .classic_lmp_data
                0x0001168c       0xb0 cpu\br25\tools\sdk.elf.o
 *(.classic_lmp_auth_data)
 *(.classic_lmp_bigint_data)
 *(.classic_lmp_crypt_data)
 *(.classic_lmp_ecdh_data)
 *(.classic_lmp_linkbulk_data)
 *(.classic_lmp_hmac_data)
 *(.classic_rf_data)
 .classic_rf_data
                0x0001173c       0x20 cpu\br25\tools\sdk.elf.o
 *(.classic_bb_data)
                0x000000d3                BTCTLER_CL_DATA_SIZE = ABSOLUTE ((. - BTCTLER_CL_DATA_START))
                0x0001175c                btctler_data_end = .
                0x0001175c                . = ALIGN (0x4)
                0x0001175c                . = ALIGN (0x4)
                0x0001175c                system_data_start = .
                0x0001175c                _video_subdev_begin = .
                [!provide]                PROVIDE (video_subdev_begin, .)
 *(.video_subdev.0)
 *(.video_subdev.1)
 *(.video_subdev.2)
 *(.video_subdev.3)
 *(.video_subdev.4)
 *(.video_subdev.5)
                0x0001175c                _video_subdev_end = .
                [!provide]                PROVIDE (video_subdev_end, .)
                0x0001175c                _audio_subdev_begin = .
                [!provide]                PROVIDE (audio_subdev_begin, .)
 *(.audio_subdev.0)
 *(.audio_subdev.1)
 *(.audio_subdev.2)
 *(.audio_subdev.3)
                0x0001175c                _audio_subdev_end = .
                [!provide]                PROVIDE (audio_subdev_end, .)
                0x0001175c                _iic_device_begin = .
                [!provide]                PROVIDE (iic_device_begin, .)
 *(.iic)
                0x0001175c                _iic_device_end = .
                [!provide]                PROVIDE (iic_device_end, .)
                0x0001175c                _avin_spi_device_begin = .
                [!provide]                PROVIDE (avin_spi_device_begin, .)
 *(.sw_spi)
                0x0001175c                _avin_spi_device_end = .
                [!provide]                PROVIDE (avin_spi_device_end, .)
                0x0001175c                _video_dev_begin = .
                [!provide]                PROVIDE (video_dev_begin, .)
 *(.video_device)
                0x0001175c                _video_dev_end = .
                [!provide]                PROVIDE (video_dev_end, .)
                0x0001175c                _key_driver_ops_begin = .
                [!provide]                PROVIDE (key_driver_ops_begin, .)
 *(.key_driver_ops)
                0x0001175c                _key_driver_ops_end = .
                [!provide]                PROVIDE (key_driver_ops_end, .)
                0x0001175c                _touch_driver_begin = .
                [!provide]                PROVIDE (touch_driver_begin, .)
 *(.touch_driver)
                0x0001175c                _touch_driver_end = .
                [!provide]                PROVIDE (touch_driver_end, .)
                0x0001175c                _static_hi_timer_begin = .
                0x0001175c                PROVIDE (static_hi_timer_begin, .)
 *(.hi_timer)
                0x0001175c                _static_hi_timer_end = .
                0x0001175c                PROVIDE (static_hi_timer_end, .)
                0x0001175c                _sys_cpu_timer_begin = .
                0x0001175c                PROVIDE (sys_cpu_timer_begin, .)
 *(.sys_cpu_timer)
                0x0001175c                _sys_cpu_timer_end = .
                0x0001175c                PROVIDE (sys_cpu_timer_end, .)
                0x0001175c                _sys_config_begin = .
                [!provide]                PROVIDE (sys_config_begin, .)
 *(.sys_cfg)
                0x0001175c                _sys_config_end = .
                [!provide]                PROVIDE (sys_config_end, .)
                0x0001175c                _sys_fat_begin = .
                [!provide]                PROVIDE (sys_fat_begin, .)
 *(.fs_fat)
                0x0001175c                _sys_fat_end = .
                [!provide]                PROVIDE (sys_fat_end, .)
                0x0001175c                _app_begin = .
                0x0001175c                PROVIDE (app_begin, .)
 *(.app)
 .app           0x0001175c       0xc0 cpu\br25\tools\sdk.elf.o
                0x0001181c                _app_end = .
                0x0001181c                PROVIDE (app_end, .)
                0x0001181c                _os_begin = .
                [!provide]                PROVIDE (os_begin, .)
 *(.os_code)
 *(.os_const)
 *(.os_str)
 *(.os_data)
                0x0001181c                _os_end = .
                [!provide]                PROVIDE (os_end, .)
 *(.crypto_ecdh_data)
 *(.crypto_data)
 *(.mem_data)
 *(.os_port_data)
                0x0001181c                system_data_end = .
                0x0001181c                . = ALIGN (0x4)
                0x0001181c                . = ALIGN (0x4)
                0x0001181c                EQ_COEFF_BASE = .
                0x000120dc                . = (EQ_COEFF_BASE + ((0x4 * EQ_SECTION_NUM) * 0xe))
 *fill*         0x0001181c      0x460 
                0x00011c7c                update_data_start = .
                0x00011c7c                update_data_end = .
                0x00011c7c                media_data_start = .
                0x00011c7c                . = ALIGN (0x4)
                0x00011c7c                EQ_COEFF_BASE = .
                0x000120dc                . = (EQ_COEFF_BASE + ((0x4 * EQ_SECTION_NUM) * 0xe))
 *fill*         0x00011c7c      0x460 
                0x000120dc                . = ALIGN (0x4)
 *(.aec_data)
 .aec_data      0x000120dc       0x54 cpu\br25\tools\sdk.elf.o
                0x00012130                . = ALIGN (0x4)
 *(.res_data)
                0x00012130                . = ALIGN (0x4)
 *(.ns_data)
 .ns_data       0x00012130       0x10 cpu\br25\tools\sdk.elf.o
                0x00012140                . = ALIGN (0x4)
 *(.der_data)
                0x00012140                . = ALIGN (0x4)
 *(.nlp_data)
                0x00012140                . = ALIGN (0x4)
 *(.qmf_data)
                0x00012140                . = ALIGN (0x4)
 *(.fft_data)
                0x00012140                . = ALIGN (0x4)
 *(.pcm_data)
 *(.g729_data)
 *(.g726_data)
 *(.wtg_dec_data)
 *(.mp3_data)
 .mp3_data      0x00012140        0x4 cpu\br25\tools\sdk.elf.o
 *(.mp3_dec_data)
 *(.msbc_data)
 .msbc_data     0x00012144        0x4 cpu\br25\tools\sdk.elf.o
 *(.mty_data)
 *(.mp3tsy_dec_data)
 *(.sbc_data)
 .sbc_data      0x00012148        0x4 cpu\br25\tools\sdk.elf.o
 *(.sine_data)
 *(.wma_data)
 *(.wma_dec_data)
 *(.amr_data)
 *(.midi_data)
 *(.audio_decoder_data)
 *(.mp3_encode_data)
 *(.media_device_data)
 *(.audio_encoder_data)
 *(.mixer_data)
 *(.dec_server_data)
 *(.rec_server_data)
 *(.auto_mute_data)
 *(.plc_data)
 *(.wireless_sync_data)
 *(.resample_cal_data)
 *(.bt_compressor_data)
 *(.bt_crossOver_data)
 *(.bt_limiter_data)
 *(.bt_compressor_sparse_data)
 *(.bt_limiter_sparse_data)
 *(.bt_crossOver_sparse_data)
                0x0001214c                . = ALIGN (0x4)
 *(.dec2tws_mem)
                0x0001214c                media_data_end = .
                0x0001214c                driver_data_start = .
                0x0001214c                CLOCK_DATA_START = .
 *(.clock_data)
 .clock_data    0x0001214c       0x50 cpu\br25\tools\sdk.elf.o
                0x00000050                CLOCK_DATA_SIZE = ABSOLUTE ((. - CLOCK_DATA_START))
 *(.debug_data)
 *(.power_data)
 *(.uart_data)
                0x0001219c                driver_data_end = .

.rf_update_table
                0x0001219c      0x400
 .rf_update_table
                0x0001219c      0x400 cpu\br25\tools\sdk.elf.o
                0x0001219c                rf_update_table

.update_table   0x0001259c      0xe78
 .update_table  0x0001259c      0xe78 cpu\br25\tools\sdk.elf.o
                0x0001259c                update_table

.bss            0x00013420     0xb060
                0x00013420                . = ALIGN (0x4)
                0x00013420                btctler_bss_start = .
                0x00013420                BTCTLER_CONTROLLER_BSS_START = .
 *(.bd_base)
 .bd_base       0x00013420     0x1064 cpu\br25\tools\sdk.elf.o
                0x00013420                bd_base
 *(.bredr_rxtx_bulk)
                0x00014484                acl_tx_pool = .
 *(.bredr_tx_bulk)
                0x00015084                acl_tx_pool_end = (acl_tx_pool + 0xc00)
                0x00015084                . = acl_tx_pool_end
 *fill*         0x00014484      0xc00 
                0x00015084                acl_rx_pool = .
 *(.bredr_rx_bulk)
                0x00018084                acl_rx_pool_end = (acl_rx_pool + 0x3000)
                0x00018084                . = acl_rx_pool_end
 *fill*         0x00015084     0x3000 
                0x00018084                tws_bulk_pool = .
                0x00019084                tws_bulk_pool_end = (tws_bulk_pool + 0x1000)
                0x00019084                . = tws_bulk_pool_end
 *fill*         0x00018084     0x1000 
 *(.bt_rf_bss)
 .bt_rf_bss     0x00019084      0x41c cpu\br25\tools\sdk.elf.o
 *(.hci_controller_bss)
 .hci_controller_bss
                0x000194a0       0x38 cpu\br25\tools\sdk.elf.o
 *(.hci_interface_bss)
 *(.device_manager_bss)
 *(.vendor_manager_bss)
                0x000060b8                BTCTLER_CONTROLLER_BSS_SIZE = ABSOLUTE ((. - BTCTLER_CONTROLLER_BSS_START))
                0x000194d8                BTCTLER_LE_CONTROLLER_BSS_START = .
 *(.ble_hci_bss)
 *(.ble_ll_bss)
 .ble_ll_bss    0x000194d8      0x22c cpu\br25\tools\sdk.elf.o
 *(.ble_rf_bss)
 .ble_rf_bss    0x00019704        0x4 cpu\br25\tools\sdk.elf.o
                0x00000230                BTCTLER_LE_CONTROLLER_BSS_SIZE = ABSOLUTE ((. - BTCTLER_LE_CONTROLLER_BSS_START))
                0x00019708                BTCTLER_CL_BSS_START = .
 *(.classic_rf_bss)
 .classic_rf_bss
                0x00019708       0xb8 cpu\br25\tools\sdk.elf.o
 *(.classic_lmp_bss)
 .classic_lmp_bss
                0x000197c0      0x130 cpu\br25\tools\sdk.elf.o
 *(.classic_lmp_auth_bss)
 *(.classic_lmp_bigint_bss)
 *(.classic_lmp_crypt_bss)
 *(.classic_lmp_ecdh_bss)
 *(.classic_lmp_linkbulk_bss)
 *(.classic_lmp_hmac_bss)
 *(.classic_bb_bss)
 *(.classic_hci_bss)
                0x000001e8                BTCTLER_CL_BSS_SIZE = ABSOLUTE ((. - BTCTLER_CL_BSS_START))
                0x000198f0                btctler_bss_end = .
                0x000198f0                . = ALIGN (0x4)
                0x000198f0                btstack_bss_start = .
 *(.bt_stack_bss)
 .bt_stack_bss  0x000198f0      0x26a cpu\br25\tools\sdk.elf.o
 *(.ble_db_bss)
 *(.ble_sm_bss)
 *(.ble_att_bss)
 *(.ble_gatt_bss)
 *(.btstack_pool)
 *fill*         0x00019b5a        0x2 
 .btstack_pool  0x00019b5c      0xafa cpu\br25\tools\sdk.elf.o
                0x00019b5c                app_bredr_pool
                0x0001a1c4                app_bredr_profile